Archive member included to satisfy reference by file (symbol)

d:/tool/gnuarm~1/bin/../lib/gcc/arm-none-eabi/10.3.1/thumb/v7-m/nofp\libgcc.a(_arm_mulsf3.o)
                              CMakeFiles/Demo.elf.dir/Core/Src/DCmotor.c.obj (__aeabi_fmul)
d:/tool/gnuarm~1/bin/../lib/gcc/arm-none-eabi/10.3.1/thumb/v7-m/nofp\libgcc.a(_arm_addsubdf3.o)
                              CMakeFiles/Demo.elf.dir/Core/Src/main.c.obj (__aeabi_f2d)
d:/tool/gnuarm~1/bin/../lib/gcc/arm-none-eabi/10.3.1/thumb/v7-m/nofp\libgcc.a(_arm_addsubsf3.o)
                              CMakeFiles/Demo.elf.dir/Core/Src/DCmotor.c.obj (__aeabi_fsub)
d:/tool/gnuarm~1/bin/../lib/gcc/arm-none-eabi/10.3.1/thumb/v7-m/nofp\libgcc.a(_arm_muldivsf3.o)
                              CMakeFiles/Demo.elf.dir/Core/Src/bsp_as5600.c.obj (__aeabi_fdiv)
d:/tool/gnuarm~1/bin/../lib/gcc/arm-none-eabi/10.3.1/thumb/v7-m/nofp\libgcc.a(_arm_cmpsf2.o)
                              CMakeFiles/Demo.elf.dir/Core/Src/DCmotor.c.obj (__aeabi_fcmplt)
d:/tool/gnuarm~1/bin/../lib/gcc/arm-none-eabi/10.3.1/thumb/v7-m/nofp\libgcc.a(_arm_fixunssfsi.o)
                              CMakeFiles/Demo.elf.dir/Core/Src/DCmotor.c.obj (__aeabi_f2uiz)
d:/tool/gnuarm~1/bin/../lib/gcc/arm-none-eabi/10.3.1/../../../../arm-none-eabi/lib/thumb/v7-m/nofp\libg.a(lib_a-errno.o)
                              CMakeFiles/Demo.elf.dir/Core/Src/syscalls.c.obj (__errno)
d:/tool/gnuarm~1/bin/../lib/gcc/arm-none-eabi/10.3.1/../../../../arm-none-eabi/lib/thumb/v7-m/nofp\libg.a(lib_a-exit.o)
                              d:/tool/gnuarm~1/bin/../lib/gcc/arm-none-eabi/10.3.1/../../../../arm-none-eabi/lib/thumb/v7-m/nofp/crt0.o (exit)
d:/tool/gnuarm~1/bin/../lib/gcc/arm-none-eabi/10.3.1/../../../../arm-none-eabi/lib/thumb/v7-m/nofp\libg.a(lib_a-impure.o)
                              d:/tool/gnuarm~1/bin/../lib/gcc/arm-none-eabi/10.3.1/../../../../arm-none-eabi/lib/thumb/v7-m/nofp\libg.a(lib_a-exit.o) (_global_impure_ptr)
d:/tool/gnuarm~1/bin/../lib/gcc/arm-none-eabi/10.3.1/../../../../arm-none-eabi/lib/thumb/v7-m/nofp\libg.a(lib_a-init.o)
                              d:/tool/gnuarm~1/bin/../lib/gcc/arm-none-eabi/10.3.1/../../../../arm-none-eabi/lib/thumb/v7-m/nofp/crt0.o (__libc_init_array)
d:/tool/gnuarm~1/bin/../lib/gcc/arm-none-eabi/10.3.1/../../../../arm-none-eabi/lib/thumb/v7-m/nofp\libg.a(lib_a-memset.o)
                              d:/tool/gnuarm~1/bin/../lib/gcc/arm-none-eabi/10.3.1/../../../../arm-none-eabi/lib/thumb/v7-m/nofp/crt0.o (memset)
d:/tool/gnuarm~1/bin/../lib/gcc/arm-none-eabi/10.3.1/../../../../arm-none-eabi/lib/thumb/v7-m/nofp\libg.a(lib_a-printf.o)
                              CMakeFiles/Demo.elf.dir/Core/Src/DCmotor.c.obj (printf)
d:/tool/gnuarm~1/bin/../lib/gcc/arm-none-eabi/10.3.1/../../../../arm-none-eabi/lib/thumb/v7-m/nofp\libg.a(lib_a-puts.o)
                              CMakeFiles/Demo.elf.dir/Core/Src/DCmotor.c.obj (puts)
d:/tool/gnuarm~1/bin/../lib/gcc/arm-none-eabi/10.3.1/../../../../arm-none-eabi/lib/thumb/v7-m/nofp\libg.a(lib_a-strlen-stub.o)
                              d:/tool/gnuarm~1/bin/../lib/gcc/arm-none-eabi/10.3.1/../../../../arm-none-eabi/lib/thumb/v7-m/nofp\libg.a(lib_a-puts.o) (strlen)
d:/tool/gnuarm~1/bin/../lib/gcc/arm-none-eabi/10.3.1/../../../../arm-none-eabi/lib/thumb/v7-m/nofp\libg.a(lib_a-vfprintf.o)
                              d:/tool/gnuarm~1/bin/../lib/gcc/arm-none-eabi/10.3.1/../../../../arm-none-eabi/lib/thumb/v7-m/nofp\libg.a(lib_a-printf.o) (_vfprintf_r)
d:/tool/gnuarm~1/bin/../lib/gcc/arm-none-eabi/10.3.1/../../../../arm-none-eabi/lib/thumb/v7-m/nofp\libg.a(lib_a-wsetup.o)
                              d:/tool/gnuarm~1/bin/../lib/gcc/arm-none-eabi/10.3.1/../../../../arm-none-eabi/lib/thumb/v7-m/nofp\libg.a(lib_a-vfprintf.o) (__swsetup_r)
d:/tool/gnuarm~1/bin/../lib/gcc/arm-none-eabi/10.3.1/../../../../arm-none-eabi/lib/thumb/v7-m/nofp\libg.a(lib_a-__call_atexit.o)
                              d:/tool/gnuarm~1/bin/../lib/gcc/arm-none-eabi/10.3.1/../../../../arm-none-eabi/lib/thumb/v7-m/nofp\libg.a(lib_a-exit.o) (__call_exitprocs)
d:/tool/gnuarm~1/bin/../lib/gcc/arm-none-eabi/10.3.1/../../../../arm-none-eabi/lib/thumb/v7-m/nofp\libg.a(lib_a-atexit.o)
                              d:/tool/gnuarm~1/bin/../lib/gcc/arm-none-eabi/10.3.1/../../../../arm-none-eabi/lib/thumb/v7-m/nofp\libg.a(lib_a-__call_atexit.o) (atexit)
d:/tool/gnuarm~1/bin/../lib/gcc/arm-none-eabi/10.3.1/../../../../arm-none-eabi/lib/thumb/v7-m/nofp\libg.a(lib_a-dtoa.o)
                              d:/tool/gnuarm~1/bin/../lib/gcc/arm-none-eabi/10.3.1/../../../../arm-none-eabi/lib/thumb/v7-m/nofp\libg.a(lib_a-vfprintf.o) (_dtoa_r)
d:/tool/gnuarm~1/bin/../lib/gcc/arm-none-eabi/10.3.1/../../../../arm-none-eabi/lib/thumb/v7-m/nofp\libg.a(lib_a-fflush.o)
                              d:/tool/gnuarm~1/bin/../lib/gcc/arm-none-eabi/10.3.1/../../../../arm-none-eabi/lib/thumb/v7-m/nofp\libg.a(lib_a-vfprintf.o) (_fflush_r)
[...]
Memory Configuration

Name             Origin             Length             Attributes
RAM              0x20000000         0x00010000         xrw
FLASH            0x08000000         0x00080000         xr
*default*        0x00000000         0xffffffff

Linker script and memory map

LOAD d:/tool/gnuarm~1/bin/../lib/gcc/arm-none-eabi/10.3.1/thumb/v7-m/nofp/crti.o
LOAD d:/tool/gnuarm~1/bin/../lib/gcc/arm-none-eabi/10.3.1/thumb/v7-m/nofp/crtbegin.o
LOAD d:/tool/gnuarm~1/bin/../lib/gcc/arm-none-eabi/10.3.1/../../../../arm-none-eabi/lib/thumb/v7-m/nofp/crt0.o
LOAD CMakeFiles/Demo.elf.dir/Core/Src/DCmotor.c.obj
LOAD CMakeFiles/Demo.elf.dir/Core/Src/bsp_as5600.c.obj
LOAD CMakeFiles/Demo.elf.dir/Core/Src/gpio.c.obj
LOAD CMakeFiles/Demo.elf.dir/Core/Src/i2c.c.obj
LOAD CMakeFiles/Demo.elf.dir/Core/Src/main.c.obj
LOAD CMakeFiles/Demo.elf.dir/Core/Src/stm32f1xx_hal_msp.c.obj
LOAD CMakeFiles/Demo.elf.dir/Core/Src/stm32f1xx_it.c.obj
LOAD CMakeFiles/Demo.elf.dir/Core/Src/syscalls.c.obj
LOAD CMakeFiles/Demo.elf.dir/Core/Src/sysmem.c.obj
LOAD CMakeFiles/Demo.elf.dir/Core/Src/system_stm32f1xx.c.obj
LOAD CMakeFiles/Demo.elf.dir/Core/Src/tim.c.obj
LOAD CMakeFiles/Demo.elf.dir/Core/Src/usart.c.obj
LOAD CMakeFiles/Demo.elf.dir/Core/Startup/startup_stm32f103zetx.s.obj
LOAD CMakeFiles/Demo.elf.dir/Drivers/STM32F1xx_HAL_Driver/Src/stm32f1xx_hal.c.obj
LOAD CMakeFiles/Demo.elf.dir/Drivers/STM32F1xx_HAL_Driver/Src/stm32f1xx_hal_cortex.c.obj
LOAD CMakeFiles/Demo.elf.dir/Drivers/STM32F1xx_HAL_Driver/Src/stm32f1xx_hal_dma.c.obj
LOAD CMakeFiles/Demo.elf.dir/Drivers/STM32F1xx_HAL_Driver/Src/stm32f1xx_hal_exti.c.obj
LOAD CMakeFiles/Demo.elf.dir/Drivers/STM32F1xx_HAL_Driver/Src/stm32f1xx_hal_flash.c.obj
LOAD CMakeFiles/Demo.elf.dir/Drivers/STM32F1xx_HAL_Driver/Src/stm32f1xx_hal_flash_ex.c.obj
LOAD CMakeFiles/Demo.elf.dir/Drivers/STM32F1xx_HAL_Driver/Src/stm32f1xx_hal_gpio.c.obj
LOAD CMakeFiles/Demo.elf.dir/Drivers/STM32F1xx_HAL_Driver/Src/stm32f1xx_hal_gpio_ex.c.obj
LOAD CMakeFiles/Demo.elf.dir/Drivers/STM32F1xx_HAL_Driver/Src/stm32f1xx_hal_i2c.c.obj
LOAD CMakeFiles/Demo.elf.dir/Drivers/STM32F1xx_HAL_Driver/Src/stm32f1xx_hal_pwr.c.obj
LOAD CMakeFiles/Demo.elf.dir/Drivers/STM32F1xx_HAL_Driver/Src/stm32f1xx_hal_rcc.c.obj
LOAD CMakeFiles/Demo.elf.dir/Drivers/STM32F1xx_HAL_Driver/Src/stm32f1xx_hal_rcc_ex.c.obj
LOAD CMakeFiles/Demo.elf.dir/Drivers/STM32F1xx_HAL_Driver/Src/stm32f1xx_hal_tim.c.obj
LOAD CMakeFiles/Demo.elf.dir/Drivers/STM32F1xx_HAL_Driver/Src/stm32f1xx_hal_tim_ex.c.obj
LOAD CMakeFiles/Demo.elf.dir/Drivers/STM32F1xx_HAL_Driver/Src/stm32f1xx_hal_uart.c.obj
START GROUP
LOAD d:/tool/gnuarm~1/bin/../lib/gcc/arm-none-eabi/10.3.1/thumb/v7-m/nofp\libgcc.a
LOAD d:/tool/gnuarm~1/bin/../lib/gcc/arm-none-eabi/10.3.1/../../../../arm-none-eabi/lib/thumb/v7-m/nofp\libg.a
LOAD d:/tool/gnuarm~1/bin/../lib/gcc/arm-none-eabi/10.3.1/../../../../arm-none-eabi/lib/thumb/v7-m/nofp\libc.a
END GROUP
LOAD d:/tool/gnuarm~1/bin/../lib/gcc/arm-none-eabi/10.3.1/thumb/v7-m/nofp/crtend.o
LOAD d:/tool/gnuarm~1/bin/../lib/gcc/arm-none-eabi/10.3.1/thumb/v7-m/nofp/crtn.o
                0x20010000                _estack = (ORIGIN (RAM) + LENGTH (RAM))
                0x00000200                _Min_Heap_Size = 0x200
                0x00000400                _Min_Stack_Size = 0x400

.isr_vector     0x08000000      0x1e4
                0x08000000                . = ALIGN (0x4)
 *(.isr_vector)
 .isr_vector    0x08000000      0x1e4 CMakeFiles/Demo.elf.dir/Core/Startup/startup_stm32f103zetx.s.obj
                0x08000000                g_pfnVectors
                0x080001e4                . = ALIGN (0x4)

.text           0x080001e8     0x9bb8
                0x080001e8                . = ALIGN (0x4)
 *(.text)
 .text          0x080001e8       0x40 d:/tool/gnuarm~1/bin/../lib/gcc/arm-none-eabi/10.3.1/thumb/v7-m/nofp/crtbegin.o
 .text          0x08000228      0x378 d:/tool/gnuarm~1/bin/../lib/gcc/arm-none-eabi/10.3.1/thumb/v7-m/nofp\libgcc.a(_arm_addsubdf3.o)
                0x08000228                __aeabi_drsub
                0x08000230                __aeabi_dsub
                0x08000230                __subdf3
                0x08000234                __aeabi_dadd
                0x08000234                __adddf3
                0x080004ac                __floatunsidf
                0x080004ac                __aeabi_ui2d
                0x080004cc                __floatsidf
                0x080004cc                __aeabi_i2d
                0x080004f0                __aeabi_f2d
                0x080004f0                __extendsfdf2
                0x08000534                __floatundidf
                0x08000534                __aeabi_ul2d
                0x08000544                __floatdidf
                0x08000544                __aeabi_l2d
 .text          0x080005a0      0x21c d:/tool/gnuarm~1/bin/../lib/gcc/arm-none-eabi/10.3.1/thumb/v7-m/nofp\libgcc.a(_arm_addsubsf3.o)
                0x080005a0                __aeabi_frsub
                0x080005a8                __subsf3
                0x080005a8                __aeabi_fsub
                0x080005ac                __aeabi_fadd
                0x080005ac                __addsf3
                0x0800070c                __aeabi_ui2f
                0x0800070c                __floatunsisf
                0x08000714                __aeabi_i2f
                0x08000714                __floatsisf
                0x08000730                __aeabi_ul2f
                0x08000730                __floatundisf
                0x08000740                __aeabi_l2f
                0x08000740                __floatdisf
 .text          0x080007bc      0x2a0 d:/tool/gnuarm~1/bin/../lib/gcc/arm-none-eabi/10.3.1/thumb/v7-m/nofp\libgcc.a(_arm_muldivsf3.o)
                0x080007bc                __mulsf3
                0x080007bc                __aeabi_fmul
                0x08000924                __aeabi_fdiv
                0x08000924                __divsf3
 .text          0x08000a5c       0xec d:/tool/gnuarm~1/bin/../lib/gcc/arm-none-eabi/10.3.1/thumb/v7-m/nofp\libgcc.a(_arm_cmpsf2.o)
                0x08000a5c                __gesf2
                0x08000a5c                __gtsf2
                0x08000a64                __lesf2
                0x08000a64                __ltsf2
                0x08000a6c                __nesf2
                0x08000a6c                __eqsf2
                0x08000a6c                __cmpsf2
                0x08000acc                __aeabi_cfrcmple
                0x08000ad4                __aeabi_cfcmpeq
                0x08000ad4                __aeabi_cfcmple
                0x08000ae4                __aeabi_fcmpeq
                0x08000af8                __aeabi_fcmplt
                0x08000b0c                __aeabi_fcmple
                0x08000b20                __aeabi_fcmpge
                0x08000b34                __aeabi_fcmpgt
 .text          0x08000b48       0x40 d:/tool/gnuarm~1/bin/../lib/gcc/arm-none-eabi/10.3.1/thumb/v7-m/nofp\libgcc.a(_arm_fixunssfsi.o)
                0x08000b48                __fixunssfsi
                0x08000b48                __aeabi_f2uiz
 .text          0x08000b88       0xec d:/tool/gnuarm~1/bin/../lib/gcc/arm-none-eabi/10.3.1/../../../../arm-none-eabi/lib/thumb/v7-m/nofp\libg.a(lib_a-memcpy.o)
                0x08000b88                memcpy
 .text          0x08000c74      0x424 d:/tool/gnuarm~1/bin/../lib/gcc/arm-none-eabi/10.3.1/thumb/v7-m/nofp\libgcc.a(_arm_muldivdf3.o)
                0x08000c74                __aeabi_dmul
                0x08000c74                __muldf3
                0x08000ec8                __divdf3
                0x08000ec8                __aeabi_ddiv
 .text          0x08001098      0x110 d:/tool/gnuarm~1/bin/../lib/gcc/arm-none-eabi/10.3.1/thumb/v7-m/nofp\libgcc.a(_arm_cmpdf2.o)
                0x08001098                __gtdf2
                0x08001098                __gedf2
                0x080010a0                __ltdf2
                0x080010a0                __ledf2
                0x080010a8                __nedf2
                0x080010a8                __eqdf2
                0x080010a8                __cmpdf2
                0x08001124                __aeabi_cdrcmple
                0x08001134                __aeabi_cdcmpeq
                0x08001134                __aeabi_cdcmple
                0x08001144                __aeabi_dcmpeq
                0x08001158                __aeabi_dcmplt
                0x0800116c                __aeabi_dcmple
                0x08001180                __aeabi_dcmpge
                0x08001194                __aeabi_dcmpgt
 .text          0x080011a8       0x2c d:/tool/gnuarm~1/bin/../lib/gcc/arm-none-eabi/10.3.1/thumb/v7-m/nofp\libgcc.a(_arm_unorddf2.o)
                0x080011a8                __unorddf2
                0x080011a8                __aeabi_dcmpun
 .text          0x080011d4       0x50 d:/tool/gnuarm~1/bin/../lib/gcc/arm-none-eabi/10.3.1/thumb/v7-m/nofp\libgcc.a(_arm_fixdfsi.o)
                0x080011d4                __aeabi_d2iz
                0x080011d4                __fixdfsi
 .text          0x08001224       0x30 d:/tool/gnuarm~1/bin/../lib/gcc/arm-none-eabi/10.3.1/thumb/v7-m/nofp\libgcc.a(_aeabi_uldivmod.o)
                0x08001224                __aeabi_uldivmod
 .text          0x08001254      0x2d4 d:/tool/gnuarm~1/bin/../lib/gcc/arm-none-eabi/10.3.1/thumb/v7-m/nofp\libgcc.a(_udivmoddi4.o)
                0x08001254                __udivmoddi4
 .text          0x08001528        0x4 d:/tool/gnuarm~1/bin/../lib/gcc/arm-none-eabi/10.3.1/thumb/v7-m/nofp\libgcc.a(_dvmd_tls.o)
                0x08001528                __aeabi_idiv0
                0x08001528                __aeabi_ldiv0
 *(.text*)
 .text.Read_Encoder
                0x0800152c       0x30 CMakeFiles/Demo.elf.dir/Core/Src/DCmotor.c.obj
                0x0800152c                Read_Encoder
 .text.MotorRun
                0x0800155c       0x24 CMakeFiles/Demo.elf.dir/Core/Src/DCmotor.c.obj
                0x0800155c                MotorRun
 .text.MotorInit
                0x08001580       0x50 CMakeFiles/Demo.elf.dir/Core/Src/DCmotor.c.obj
                0x08001580                MotorInit
 .text.MotorPID
                0x080015d0       0xa8 CMakeFiles/Demo.elf.dir/Core/Src/DCmotor.c.obj
                0x080015d0                MotorPID
 .text.AS5600_ReadDate
                0x08001678       0x24 CMakeFiles/Demo.elf.dir/Core/Src/bsp_as5600.c.obj
                0x08001678                AS5600_ReadDate
 .text.AS5600_ReadRawData
                0x0800169c       0x26 CMakeFiles/Demo.elf.dir/Core/Src/bsp_as5600.c.obj
                0x0800169c                AS5600_ReadRawData
 *fill*         0x080016c2        0x2 
 .text.AS5600_Init
                0x080016c4       0x20 CMakeFiles/Demo.elf.dir/Core/Src/bsp_as5600.c.obj
                0x080016c4                AS5600_Init
 .text.MX_GPIO_Init
                0x080016e4       0x54 CMakeFiles/Demo.elf.dir/Core/Src/gpio.c.obj
                0x080016e4                MX_GPIO_Init
 .text.MX_I2C1_Init
                0x08001738       0x3c CMakeFiles/Demo.elf.dir/Core/Src/i2c.c.obj
                0x08001738                MX_I2C1_Init
 .text.HAL_I2C_MspInit
                0x08001774       0x64 CMakeFiles/Demo.elf.dir/Core/Src/i2c.c.obj
                0x08001774                HAL_I2C_MspInit
 .text.Error_Handler
                0x080017d8        0x4 CMakeFiles/Demo.elf.dir/Core/Src/main.c.obj
                0x080017d8                Error_Handler
 .text.SystemClock_Config
                0x080017dc       0x64 CMakeFiles/Demo.elf.dir/Core/Src/main.c.obj
                0x080017dc                SystemClock_Config
 .text.main     0x08001840       0x78 CMakeFiles/Demo.elf.dir/Core/Src/main.c.obj
                0x08001840                main
 .text.HAL_MspInit
                0x080018b8       0x44 CMakeFiles/Demo.elf.dir/Core/Src/stm32f1xx_hal_msp.c.obj
                0x080018b8                HAL_MspInit
 .text.NMI_Handler
                0x080018fc        0x2 CMakeFiles/Demo.elf.dir/Core/Src/stm32f1xx_it.c.obj
                0x080018fc                NMI_Handler
 .text.HardFault_Handler
                0x080018fe        0x2 CMakeFiles/Demo.elf.dir/Core/Src/stm32f1xx_it.c.obj
                0x080018fe                HardFault_Handler
 .text.MemManage_Handler
                0x08001900        0x2 CMakeFiles/Demo.elf.dir/Core/Src/stm32f1xx_it.c.obj
                0x08001900                MemManage_Handler
 .text.BusFault_Handler
                0x08001902        0x2 CMakeFiles/Demo.elf.dir/Core/Src/stm32f1xx_it.c.obj
                0x08001902                BusFault_Handler
 .text.UsageFault_Handler
                0x08001904        0x2 CMakeFiles/Demo.elf.dir/Core/Src/stm32f1xx_it.c.obj
                0x08001904                UsageFault_Handler
 .text.SVC_Handler
                0x08001906        0x2 CMakeFiles/Demo.elf.dir/Core/Src/stm32f1xx_it.c.obj
                0x08001906                SVC_Handler
 .text.DebugMon_Handler
                0x08001908        0x2 CMakeFiles/Demo.elf.dir/Core/Src/stm32f1xx_it.c.obj
                0x08001908                DebugMon_Handler
 .text.PendSV_Handler
                0x0800190a        0x2 CMakeFiles/Demo.elf.dir/Core/Src/stm32f1xx_it.c.obj
                0x0800190a                PendSV_Handler
 .text.SysTick_Handler
                0x0800190c        0x8 CMakeFiles/Demo.elf.dir/Core/Src/stm32f1xx_it.c.obj
                0x0800190c                SysTick_Handler
 .text.TIM6_IRQHandler
                0x08001914       0x10 CMakeFiles/Demo.elf.dir/Core/Src/stm32f1xx_it.c.obj
                0x08001914                TIM6_IRQHandler
 .text._getpid  0x08001924        0x4 CMakeFiles/Demo.elf.dir/Core/Src/syscalls.c.obj
                0x08001924                _getpid
 .text._kill    0x08001928       0x10 CMakeFiles/Demo.elf.dir/Core/Src/syscalls.c.obj
                0x08001928                _kill
 .text._exit    0x08001938        0xc CMakeFiles/Demo.elf.dir/Core/Src/syscalls.c.obj
                0x08001938                _exit
 .text._read    0x08001944       0x20 CMakeFiles/Demo.elf.dir/Core/Src/syscalls.c.obj
                0x08001944                _read
 .text._write   0x08001964       0x1c CMakeFiles/Demo.elf.dir/Core/Src/syscalls.c.obj
                0x08001964                _write
 .text._close   0x08001980        0x6 CMakeFiles/Demo.elf.dir/Core/Src/syscalls.c.obj
                0x08001980                _close
 .text._fstat   0x08001986        0xa CMakeFiles/Demo.elf.dir/Core/Src/syscalls.c.obj
                0x08001986                _fstat
 .text._isatty  0x08001990        0x4 CMakeFiles/Demo.elf.dir/Core/Src/syscalls.c.obj
                0x08001990                _isatty
 .text._lseek   0x08001994        0x4 CMakeFiles/Demo.elf.dir/Core/Src/syscalls.c.obj
                0x08001994                _lseek
 .text._sbrk    0x08001998       0x48 CMakeFiles/Demo.elf.dir/Core/Src/sysmem.c.obj
                0x08001998                _sbrk
 .text.SystemInit
                0x080019e0        0x2 CMakeFiles/Demo.elf.dir/Core/Src/system_stm32f1xx.c.obj
                0x080019e0                SystemInit
 *fill*         0x080019e2        0x2 
 .text.MX_TIM2_Init
                0x080019e4       0x68 CMakeFiles/Demo.elf.dir/Core/Src/tim.c.obj
                0x080019e4                MX_TIM2_Init
 .text.MX_TIM6_Init
                0x08001a4c       0x50 CMakeFiles/Demo.elf.dir/Core/Src/tim.c.obj
                0x08001a4c                MX_TIM6_Init
 .text.HAL_TIM_PWM_MspInit
                0x08001a9c       0x2c CMakeFiles/Demo.elf.dir/Core/Src/tim.c.obj
                0x08001a9c                HAL_TIM_PWM_MspInit
 .text.HAL_TIM_Encoder_MspInit
                0x08001ac8       0x98 CMakeFiles/Demo.elf.dir/Core/Src/tim.c.obj
                0x08001ac8                HAL_TIM_Encoder_MspInit
 .text.HAL_TIM_Base_MspInit
                0x08001b60       0x40 CMakeFiles/Demo.elf.dir/Core/Src/tim.c.obj
                0x08001b60                HAL_TIM_Base_MspInit
 .text.HAL_TIM_MspPostInit
                0x08001ba0       0x64 CMakeFiles/Demo.elf.dir/Core/Src/tim.c.obj
                0x08001ba0                HAL_TIM_MspPostInit
 .text.MX_TIM1_Init
                0x08001c04       0xcc CMakeFiles/Demo.elf.dir/Core/Src/tim.c.obj
                0x08001c04                MX_TIM1_Init
 .text.HAL_TIM_PeriodElapsedCallback
                0x08001cd0       0x50 CMakeFiles/Demo.elf.dir/Core/Src/tim.c.obj
                0x08001cd0                HAL_TIM_PeriodElapsedCallback
 .text.MX_USART1_UART_Init
                0x08001d20       0x34 CMakeFiles/Demo.elf.dir/Core/Src/usart.c.obj
                0x08001d20                MX_USART1_UART_Init
 .text.HAL_UART_MspInit
                0x08001d54       0x78 CMakeFiles/Demo.elf.dir/Core/Src/usart.c.obj
                0x08001d54                HAL_UART_MspInit
 .text.__io_putchar
                0x08001dcc       0x20 CMakeFiles/Demo.elf.dir/Core/Src/usart.c.obj
                0x08001dcc                __io_putchar
 .text.Reset_Handler
                0x08001dec       0x48 CMakeFiles/Demo.elf.dir/Core/Startup/startup_stm32f103zetx.s.obj
                0x08001dec                Reset_Handler
 .text.Default_Handler
                0x08001e34        0x2 CMakeFiles/Demo.elf.dir/Core/Startup/startup_stm32f103zetx.s.obj
                0x08001e34                RTC_Alarm_IRQHandler
                0x08001e34                EXTI2_IRQHandler
                0x08001e34                TIM8_TRG_COM_IRQHandler
                0x08001e34                TIM8_CC_IRQHandler
                0x08001e34                TIM1_CC_IRQHandler
                0x08001e34                PVD_IRQHandler
                0x08001e34                SDIO_IRQHandler
                0x08001e34                EXTI3_IRQHandler
                0x08001e34                EXTI0_IRQHandler
                0x08001e34                I2C2_EV_IRQHandler
                0x08001e34                ADC1_2_IRQHandler
                0x08001e34                SPI1_IRQHandler
                0x08001e34                TAMPER_IRQHandler
                0x08001e34                TIM8_UP_IRQHandler
                0x08001e34                DMA2_Channel2_IRQHandler
                0x08001e34                DMA1_Channel4_IRQHandler
                0x08001e34                USART3_IRQHandler
                0x08001e34                RTC_IRQHandler
                0x08001e34                DMA1_Channel7_IRQHandler
                0x08001e34                CAN1_RX1_IRQHandler
                0x08001e34                UART5_IRQHandler
                0x08001e34                ADC3_IRQHandler
                0x08001e34                TIM4_IRQHandler
                0x08001e34                DMA2_Channel1_IRQHandler
                0x08001e34                I2C1_EV_IRQHandler
                0x08001e34                DMA1_Channel6_IRQHandler
                0x08001e34                UART4_IRQHandler
                0x08001e34                TIM3_IRQHandler
                0x08001e34                RCC_IRQHandler
                0x08001e34                TIM1_TRG_COM_IRQHandler
                0x08001e34                DMA1_Channel1_IRQHandler
                0x08001e34                Default_Handler
                0x08001e34                EXTI15_10_IRQHandler
                0x08001e34                TIM7_IRQHandler
                0x08001e34                TIM5_IRQHandler
                0x08001e34                EXTI9_5_IRQHandler
                0x08001e34                SPI2_IRQHandler
                0x08001e34                DMA1_Channel5_IRQHandler
                0x08001e34                EXTI4_IRQHandler
                0x08001e34                USB_LP_CAN1_RX0_IRQHandler
                0x08001e34                USB_HP_CAN1_TX_IRQHandler
                0x08001e34                DMA1_Channel3_IRQHandler
                0x08001e34                FSMC_IRQHandler
                0x08001e34                TIM1_UP_IRQHandler
                0x08001e34                WWDG_IRQHandler
                0x08001e34                TIM2_IRQHandler
                0x08001e34                TIM1_BRK_IRQHandler
                0x08001e34                EXTI1_IRQHandler
                0x08001e34                DMA2_Channel4_5_IRQHandler
                0x08001e34                USART2_IRQHandler
                0x08001e34                I2C2_ER_IRQHandler
                0x08001e34                DMA1_Channel2_IRQHandler
                0x08001e34                TIM8_BRK_IRQHandler
                0x08001e34                CAN1_SCE_IRQHandler
                0x08001e34                FLASH_IRQHandler
                0x08001e34                USART1_IRQHandler
                0x08001e34                SPI3_IRQHandler
                0x08001e34                I2C1_ER_IRQHandler
                0x08001e34                USBWakeUp_IRQHandler
                0x08001e34                DMA2_Channel3_IRQHandler
 *fill*         0x08001e36        0x2 
 .text.HAL_InitTick
                0x08001e38       0x4c CMakeFiles/Demo.elf.dir/Drivers/STM32F1xx_HAL_Driver/Src/stm32f1xx_hal.c.obj
                0x08001e38                HAL_InitTick
 .text.HAL_Init
                0x08001e84       0x24 CMakeFiles/Demo.elf.dir/Drivers/STM32F1xx_HAL_Driver/Src/stm32f1xx_hal.c.obj
                0x08001e84                HAL_Init
 .text.HAL_IncTick
                0x08001ea8       0x18 CMakeFiles/Demo.elf.dir/Drivers/STM32F1xx_HAL_Driver/Src/stm32f1xx_hal.c.obj
                0x08001ea8                HAL_IncTick
 .text.HAL_GetTick
                0x08001ec0        0xc CMakeFiles/Demo.elf.dir/Drivers/STM32F1xx_HAL_Driver/Src/stm32f1xx_hal.c.obj
                0x08001ec0                HAL_GetTick
 .text.HAL_Delay
                0x08001ecc       0x28 CMakeFiles/Demo.elf.dir/Drivers/STM32F1xx_HAL_Driver/Src/stm32f1xx_hal.c.obj
                0x08001ecc                HAL_Delay
 .text.HAL_NVIC_SetPriorityGrouping
                0x08001ef4       0x24 CMakeFiles/Demo.elf.dir/Drivers/STM32F1xx_HAL_Driver/Src/stm32f1xx_hal_cortex.c.obj
                0x08001ef4                HAL_NVIC_SetPriorityGrouping
 .text.HAL_NVIC_SetPriority
                0x08001f18       0x70 CMakeFiles/Demo.elf.dir/Drivers/STM32F1xx_HAL_Driver/Src/stm32f1xx_hal_cortex.c.obj
                0x08001f18                HAL_NVIC_SetPriority
 .text.HAL_NVIC_EnableIRQ
                0x08001f88       0x1c CMakeFiles/Demo.elf.dir/Drivers/STM32F1xx_HAL_Driver/Src/stm32f1xx_hal_cortex.c.obj
                0x08001f88                HAL_NVIC_EnableIRQ
 .text.HAL_SYSTICK_Config
                0x08001fa4       0x28 CMakeFiles/Demo.elf.dir/Drivers/STM32F1xx_HAL_Driver/Src/stm32f1xx_hal_cortex.c.obj
                0x08001fa4                HAL_SYSTICK_Config
 .text.HAL_GPIO_Init
                0x08001fcc      0x240 CMakeFiles/Demo.elf.dir/Drivers/STM32F1xx_HAL_Driver/Src/stm32f1xx_hal_gpio.c.obj
                0x08001fcc                HAL_GPIO_Init
 .text.I2C_IsAcknowledgeFailed
                0x0800220c       0x32 CMakeFiles/Demo.elf.dir/Drivers/STM32F1xx_HAL_Driver/Src/stm32f1xx_hal_i2c.c.obj
 .text.I2C_WaitOnFlagUntilTimeout
                0x0800223e       0xaa CMakeFiles/Demo.elf.dir/Drivers/STM32F1xx_HAL_Driver/Src/stm32f1xx_hal_i2c.c.obj
 .text.I2C_WaitOnMasterAddressFlagUntilTimeout
                0x080022e8       0xd6 CMakeFiles/Demo.elf.dir/Drivers/STM32F1xx_HAL_Driver/Src/stm32f1xx_hal_i2c.c.obj
 .text.I2C_WaitOnTXEFlagUntilTimeout
                0x080023be       0x5e CMakeFiles/Demo.elf.dir/Drivers/STM32F1xx_HAL_Driver/Src/stm32f1xx_hal_i2c.c.obj
 .text.I2C_RequestMemoryRead
                0x0800241c      0x154 CMakeFiles/Demo.elf.dir/Drivers/STM32F1xx_HAL_Driver/Src/stm32f1xx_hal_i2c.c.obj
 .text.I2C_WaitOnRXNEFlagUntilTimeout
                0x08002570       0x78 CMakeFiles/Demo.elf.dir/Drivers/STM32F1xx_HAL_Driver/Src/stm32f1xx_hal_i2c.c.obj
 .text.HAL_I2C_Init
                0x080025e8      0x1bc CMakeFiles/Demo.elf.dir/Drivers/STM32F1xx_HAL_Driver/Src/stm32f1xx_hal_i2c.c.obj
                0x080025e8                HAL_I2C_Init
 .text.HAL_I2C_Mem_Read
                0x080027a4      0x348 CMakeFiles/Demo.elf.dir/Drivers/STM32F1xx_HAL_Driver/Src/stm32f1xx_hal_i2c.c.obj
                0x080027a4                HAL_I2C_Mem_Read
 .text.RCC_Delay
                0x08002aec       0x2c CMakeFiles/Demo.elf.dir/Drivers/STM32F1xx_HAL_Driver/Src/stm32f1xx_hal_rcc.c.obj
 .text.HAL_RCC_OscConfig
                0x08002b18      0x410 CMakeFiles/Demo.elf.dir/Drivers/STM32F1xx_HAL_Driver/Src/stm32f1xx_hal_rcc.c.obj
                0x08002b18                HAL_RCC_OscConfig
 .text.HAL_RCC_GetSysClockFreq
                0x08002f28       0x54 CMakeFiles/Demo.elf.dir/Drivers/STM32F1xx_HAL_Driver/Src/stm32f1xx_hal_rcc.c.obj
                0x08002f28                HAL_RCC_GetSysClockFreq
 .text.HAL_RCC_ClockConfig
                0x08002f7c      0x16c CMakeFiles/Demo.elf.dir/Drivers/STM32F1xx_HAL_Driver/Src/stm32f1xx_hal_rcc.c.obj
                0x08002f7c                HAL_RCC_ClockConfig
 .text.HAL_RCC_GetHCLKFreq
                0x080030e8        0xc CMakeFiles/Demo.elf.dir/Drivers/STM32F1xx_HAL_Driver/Src/stm32f1xx_hal_rcc.c.obj
                0x080030e8                HAL_RCC_GetHCLKFreq
 .text.HAL_RCC_GetPCLK1Freq
                0x080030f4       0x20 CMakeFiles/Demo.elf.dir/Drivers/STM32F1xx_HAL_Driver/Src/stm32f1xx_hal_rcc.c.obj
                0x080030f4                HAL_RCC_GetPCLK1Freq
 .text.HAL_RCC_GetPCLK2Freq
                0x08003114       0x20 CMakeFiles/Demo.elf.dir/Drivers/STM32F1xx_HAL_Driver/Src/stm32f1xx_hal_rcc.c.obj
                0x08003114                HAL_RCC_GetPCLK2Freq
 .text.TIM_OC1_SetConfig
                0x08003134       0x68 CMakeFiles/Demo.elf.dir/Drivers/STM32F1xx_HAL_Driver/Src/stm32f1xx_hal_tim.c.obj
 .text.TIM_OC3_SetConfig
                0x0800319c       0x70 CMakeFiles/Demo.elf.dir/Drivers/STM32F1xx_HAL_Driver/Src/stm32f1xx_hal_tim.c.obj
 .text.TIM_OC4_SetConfig
                0x0800320c       0x50 CMakeFiles/Demo.elf.dir/Drivers/STM32F1xx_HAL_Driver/Src/stm32f1xx_hal_tim.c.obj
 .text.HAL_TIM_Base_Start_IT
                0x0800325c       0x78 CMakeFiles/Demo.elf.dir/Drivers/STM32F1xx_HAL_Driver/Src/stm32f1xx_hal_tim.c.obj
                0x0800325c                HAL_TIM_Base_Start_IT
 .text.HAL_TIM_OC_DelayElapsedCallback
                0x080032d4        0x2 CMakeFiles/Demo.elf.dir/Drivers/STM32F1xx_HAL_Driver/Src/stm32f1xx_hal_tim.c.obj
                0x080032d4                HAL_TIM_OC_DelayElapsedCallback
 .text.HAL_TIM_IC_CaptureCallback
                0x080032d6        0x2 CMakeFiles/Demo.elf.dir/Drivers/STM32F1xx_HAL_Driver/Src/stm32f1xx_hal_tim.c.obj
                0x080032d6                HAL_TIM_IC_CaptureCallback
 .text.HAL_TIM_PWM_PulseFinishedCallback
                0x080032d8        0x2 CMakeFiles/Demo.elf.dir/Drivers/STM32F1xx_HAL_Driver/Src/stm32f1xx_hal_tim.c.obj
                0x080032d8                HAL_TIM_PWM_PulseFinishedCallback
 .text.HAL_TIM_TriggerCallback
                0x080032da        0x2 CMakeFiles/Demo.elf.dir/Drivers/STM32F1xx_HAL_Driver/Src/stm32f1xx_hal_tim.c.obj
                0x080032da                HAL_TIM_TriggerCallback
 .text.HAL_TIM_IRQHandler
                0x080032dc      0x17a CMakeFiles/Demo.elf.dir/Drivers/STM32F1xx_HAL_Driver/Src/stm32f1xx_hal_tim.c.obj
                0x080032dc                HAL_TIM_IRQHandler
 *fill*         0x08003456        0x2 
 .text.TIM_Base_SetConfig
                0x08003458       0x98 CMakeFiles/Demo.elf.dir/Drivers/STM32F1xx_HAL_Driver/Src/stm32f1xx_hal_tim.c.obj
                0x08003458                TIM_Base_SetConfig
 .text.HAL_TIM_Base_Init
                0x080034f0       0x58 CMakeFiles/Demo.elf.dir/Drivers/STM32F1xx_HAL_Driver/Src/stm32f1xx_hal_tim.c.obj
                0x080034f0                HAL_TIM_Base_Init
 .text.HAL_TIM_PWM_Init
                0x08003548       0x58 CMakeFiles/Demo.elf.dir/Drivers/STM32F1xx_HAL_Driver/Src/stm32f1xx_hal_tim.c.obj
                0x08003548                HAL_TIM_PWM_Init
 .text.HAL_TIM_Encoder_Init
                0x080035a0       0xb8 CMakeFiles/Demo.elf.dir/Drivers/STM32F1xx_HAL_Driver/Src/stm32f1xx_hal_tim.c.obj
                0x080035a0                HAL_TIM_Encoder_Init
 .text.TIM_OC2_SetConfig
                0x08003658       0x70 CMakeFiles/Demo.elf.dir/Drivers/STM32F1xx_HAL_Driver/Src/stm32f1xx_hal_tim.c.obj
                0x08003658                TIM_OC2_SetConfig
 .text.HAL_TIM_PWM_ConfigChannel
                0x080036c8       0xdc CMakeFiles/Demo.elf.dir/Drivers/STM32F1xx_HAL_Driver/Src/stm32f1xx_hal_tim.c.obj
                0x080036c8                HAL_TIM_PWM_ConfigChannel
 .text.TIM_CCxChannelCmd
                0x080037a4       0x1e CMakeFiles/Demo.elf.dir/Drivers/STM32F1xx_HAL_Driver/Src/stm32f1xx_hal_tim.c.obj
                0x080037a4                TIM_CCxChannelCmd
 *fill*         0x080037c2        0x2 
 .text.HAL_TIM_PWM_Start
                0x080037c4       0xf4 CMakeFiles/Demo.elf.dir/Drivers/STM32F1xx_HAL_Driver/Src/stm32f1xx_hal_tim.c.obj
                0x080037c4                HAL_TIM_PWM_Start
 .text.HAL_TIM_Encoder_Start
                0x080038b8       0xcc CMakeFiles/Demo.elf.dir/Drivers/STM32F1xx_HAL_Driver/Src/stm32f1xx_hal_tim.c.obj
                0x080038b8                HAL_TIM_Encoder_Start
 .text.HAL_TIMEx_MasterConfigSynchronization
                0x08003984       0x7c CMakeFiles/Demo.elf.dir/Drivers/STM32F1xx_HAL_Driver/Src/stm32f1xx_hal_tim_ex.c.obj
                0x08003984                HAL_TIMEx_MasterConfigSynchronization
 .text.HAL_TIMEx_ConfigBreakDeadTime
                0x08003a00       0x52 CMakeFiles/Demo.elf.dir/Drivers/STM32F1xx_HAL_Driver/Src/stm32f1xx_hal_tim_ex.c.obj
                0x08003a00                HAL_TIMEx_ConfigBreakDeadTime
 .text.HAL_TIMEx_CommutCallback
                0x08003a52        0x2 CMakeFiles/Demo.elf.dir/Drivers/STM32F1xx_HAL_Driver/Src/stm32f1xx_hal_tim_ex.c.obj
                0x08003a52                HAL_TIMEx_CommutCallback
 .text.HAL_TIMEx_BreakCallback
                0x08003a54        0x2 CMakeFiles/Demo.elf.dir/Drivers/STM32F1xx_HAL_Driver/Src/stm32f1xx_hal_tim_ex.c.obj
                0x08003a54                HAL_TIMEx_BreakCallback
 *fill*         0x08003a56        0x2 
 .text.UART_SetConfig
                0x08003a58       0x94 CMakeFiles/Demo.elf.dir/Drivers/STM32F1xx_HAL_Driver/Src/stm32f1xx_hal_uart.c.obj
 .text.UART_WaitOnFlagUntilTimeout
                0x08003aec       0x88 CMakeFiles/Demo.elf.dir/Drivers/STM32F1xx_HAL_Driver/Src/stm32f1xx_hal_uart.c.obj
 .text.HAL_UART_Init
                0x08003b74       0x60 CMakeFiles/Demo.elf.dir/Drivers/STM32F1xx_HAL_Driver/Src/stm32f1xx_hal_uart.c.obj
                0x08003b74                HAL_UART_Init
 .text.HAL_UART_Transmit
                0x08003bd4       0xbe CMakeFiles/Demo.elf.dir/Drivers/STM32F1xx_HAL_Driver/Src/stm32f1xx_hal_uart.c.obj
                0x08003bd4                HAL_UART_Transmit
 *fill*         0x08003c92        0x2 
 .text.__errno  0x08003c94        0xc d:/tool/gnuarm~1/bin/../lib/gcc/arm-none-eabi/10.3.1/../../../../arm-none-eabi/lib/thumb/v7-m/nofp\libg.a(lib_a-errno.o)
                0x08003c94                __errno
 .text.__libc_init_array
                0x08003ca0       0x48 d:/tool/gnuarm~1/bin/../lib/gcc/arm-none-eabi/10.3.1/../../../../arm-none-eabi/lib/thumb/v7-m/nofp\libg.a(lib_a-init.o)
                0x08003ca0                __libc_init_array
 .text.memset   0x08003ce8       0xa4 d:/tool/gnuarm~1/bin/../lib/gcc/arm-none-eabi/10.3.1/../../../../arm-none-eabi/lib/thumb/v7-m/nofp\libg.a(lib_a-memset.o)
                0x08003ce8                memset
 .text.printf   0x08003d8c       0x28 d:/tool/gnuarm~1/bin/../lib/gcc/arm-none-eabi/10.3.1/../../../../arm-none-eabi/lib/thumb/v7-m/nofp\libg.a(lib_a-printf.o)
                0x08003d8c                printf
 .text._puts_r  0x08003db4       0x9c d:/tool/gnuarm~1/bin/../lib/gcc/arm-none-eabi/10.3.1/../../../../arm-none-eabi/lib/thumb/v7-m/nofp\libg.a(lib_a-puts.o)
                0x08003db4                _puts_r
 .text.puts     0x08003e50       0x10 d:/tool/gnuarm~1/bin/../lib/gcc/arm-none-eabi/10.3.1/../../../../arm-none-eabi/lib/thumb/v7-m/nofp\libg.a(lib_a-puts.o)
                0x08003e50                puts
 .text.strlen   0x08003e60       0x5c d:/tool/gnuarm~1/bin/../lib/gcc/arm-none-eabi/10.3.1/../../../../arm-none-eabi/lib/thumb/v7-m/nofp\libg.a(lib_a-strlen-stub.o)
                0x08003e60                strlen
 .text._vfprintf_r
                0x08003ebc     0x1b58 d:/tool/gnuarm~1/bin/../lib/gcc/arm-none-eabi/10.3.1/../../../../arm-none-eabi/lib/thumb/v7-m/nofp\libg.a(lib_a-vfprintf.o)
                0x08003ebc                _vfprintf_r
 .text.__sbprintf
                0x08005a14       0x84 d:/tool/gnuarm~1/bin/../lib/gcc/arm-none-eabi/10.3.1/../../../../arm-none-eabi/lib/thumb/v7-m/nofp\libg.a(lib_a-vfprintf.o)
 .text.__swsetup_r
                0x08005a98       0xd4 d:/tool/gnuarm~1/bin/../lib/gcc/arm-none-eabi/10.3.1/../../../../arm-none-eabi/lib/thumb/v7-m/nofp\libg.a(lib_a-wsetup.o)
                0x08005a98                __swsetup_r
 .text.startup.register_fini
                0x08005b6c       0x14 d:/tool/gnuarm~1/bin/../lib/gcc/arm-none-eabi/10.3.1/../../../../arm-none-eabi/lib/thumb/v7-m/nofp\libg.a(lib_a-__call_atexit.o)
 .text.atexit   0x08005b80        0xc d:/tool/gnuarm~1/bin/../lib/gcc/arm-none-eabi/10.3.1/../../../../arm-none-eabi/lib/thumb/v7-m/nofp\libg.a(lib_a-atexit.o)
                0x08005b80                atexit
 .text.quorem   0x08005b8c      0x12c d:/tool/gnuarm~1/bin/../lib/gcc/arm-none-eabi/10.3.1/../../../../arm-none-eabi/lib/thumb/v7-m/nofp\libg.a(lib_a-dtoa.o)
 .text._dtoa_r  0x08005cb8      0xecc d:/tool/gnuarm~1/bin/../lib/gcc/arm-none-eabi/10.3.1/../../../../arm-none-eabi/lib/thumb/v7-m/nofp\libg.a(lib_a-dtoa.o)
                0x08005cb8                _dtoa_r
 .text.__sflush_r
                0x08006b84      0x124 d:/tool/gnuarm~1/bin/../lib/gcc/arm-none-eabi/10.3.1/../../../../arm-none-eabi/lib/thumb/v7-m/nofp\libg.a(lib_a-fflush.o)
                0x08006b84                __sflush_r
 .text._fflush_r
                0x08006ca8       0x5c d:/tool/gnuarm~1/bin/../lib/gcc/arm-none-eabi/10.3.1/../../../../arm-none-eabi/lib/thumb/v7-m/nofp\libg.a(lib_a-fflush.o)
                0x08006ca8                _fflush_r
 .text._cleanup_r
                0x08006d04        0xc d:/tool/gnuarm~1/bin/../lib/gcc/arm-none-eabi/10.3.1/../../../../arm-none-eabi/lib/thumb/v7-m/nofp\libg.a(lib_a-findfp.o)
                0x08006d04                _cleanup_r
 .text.__sinit  0x08006d10      0x10c d:/tool/gnuarm~1/bin/../lib/gcc/arm-none-eabi/10.3.1/../../../../arm-none-eabi/lib/thumb/v7-m/nofp\libg.a(lib_a-findfp.o)
                0x08006d10                __sinit
 .text.__sfp_lock_acquire
                0x08006e1c        0xc d:/tool/gnuarm~1/bin/../lib/gcc/arm-none-eabi/10.3.1/../../../../arm-none-eabi/lib/thumb/v7-m/nofp\libg.a(lib_a-findfp.o)
                0x08006e1c                __sfp_lock_acquire
 .text.__sfp_lock_release
                0x08006e28        0xc d:/tool/gnuarm~1/bin/../lib/gcc/arm-none-eabi/10.3.1/../../../../arm-none-eabi/lib/thumb/v7-m/nofp\libg.a(lib_a-findfp.o)
                0x08006e28                __sfp_lock_release
 .text.__libc_fini_array
                0x08006e34       0x2c d:/tool/gnuarm~1/bin/../lib/gcc/arm-none-eabi/10.3.1/../../../../arm-none-eabi/lib/thumb/v7-m/nofp\libg.a(lib_a-fini.o)
                0x08006e34                __libc_fini_array
 .text._malloc_trim_r
                0x08006e60       0xa0 d:/tool/gnuarm~1/bin/../lib/gcc/arm-none-eabi/10.3.1/../../../../arm-none-eabi/lib/thumb/v7-m/nofp\libg.a(lib_a-freer.o)
                0x08006e60                _malloc_trim_r
 .text._free_r  0x08006f00      0x200 d:/tool/gnuarm~1/bin/../lib/gcc/arm-none-eabi/10.3.1/../../../../arm-none-eabi/lib/thumb/v7-m/nofp\libg.a(lib_a-freer.o)
                0x08006f00                _free_r
 .text.__sfvwrite_r
                0x08007100      0x2f0 d:/tool/gnuarm~1/bin/../lib/gcc/arm-none-eabi/10.3.1/../../../../arm-none-eabi/lib/thumb/v7-m/nofp\libg.a(lib_a-fvwrite.o)
                0x08007100                __sfvwrite_r
 .text._fwalk_reent
                0x080073f0       0x48 d:/tool/gnuarm~1/bin/../lib/gcc/arm-none-eabi/10.3.1/../../../../arm-none-eabi/lib/thumb/v7-m/nofp\libg.a(lib_a-fwalk.o)
                0x080073f0                _fwalk_reent
 .text._localeconv_r
                0x08007438        0x8 d:/tool/gnuarm~1/bin/../lib/gcc/arm-none-eabi/10.3.1/../../../../arm-none-eabi/lib/thumb/v7-m/nofp\libg.a(lib_a-localeconv.o)
                0x08007438                _localeconv_r
 .text.__retarget_lock_init_recursive
                0x08007440        0x4 d:/tool/gnuarm~1/bin/../lib/gcc/arm-none-eabi/10.3.1/../../../../arm-none-eabi/lib/thumb/v7-m/nofp\libg.a(lib_a-lock.o)
                0x08007440                __retarget_lock_init_recursive
 .text.__retarget_lock_close_recursive
                0x08007444        0x4 d:/tool/gnuarm~1/bin/../lib/gcc/arm-none-eabi/10.3.1/../../../../arm-none-eabi/lib/thumb/v7-m/nofp\libg.a(lib_a-lock.o)
                0x08007444                __retarget_lock_close_recursive
 .text.__retarget_lock_acquire_recursive
                0x08007448        0x4 d:/tool/gnuarm~1/bin/../lib/gcc/arm-none-eabi/10.3.1/../../../../arm-none-eabi/lib/thumb/v7-m/nofp\libg.a(lib_a-lock.o)
                0x08007448                __retarget_lock_acquire_recursive
 .text.__retarget_lock_release_recursive
                0x0800744c        0x4 d:/tool/gnuarm~1/bin/../lib/gcc/arm-none-eabi/10.3.1/../../../../arm-none-eabi/lib/thumb/v7-m/nofp\libg.a(lib_a-lock.o)
                0x0800744c                __retarget_lock_release_recursive
 .text.__smakebuf_r
                0x08007450       0xe0 d:/tool/gnuarm~1/bin/../lib/gcc/arm-none-eabi/10.3.1/../../../../arm-none-eabi/lib/thumb/v7-m/nofp\libg.a(lib_a-makebuf.o)
                0x08007450                __smakebuf_r
 .text._malloc_r
                0x08007530      0x558 d:/tool/gnuarm~1/bin/../lib/gcc/arm-none-eabi/10.3.1/../../../../arm-none-eabi/lib/thumb/v7-m/nofp\libg.a(lib_a-mallocr.o)
                0x08007530                _malloc_r
 .text.memchr   0x08007a88       0x90 d:/tool/gnuarm~1/bin/../lib/gcc/arm-none-eabi/10.3.1/../../../../arm-none-eabi/lib/thumb/v7-m/nofp\libg.a(lib_a-memchr-stub.o)
                0x08007a88                memchr
 .text.memmove  0x08007b18       0xf8 d:/tool/gnuarm~1/bin/../lib/gcc/arm-none-eabi/10.3.1/../../../../arm-none-eabi/lib/thumb/v7-m/nofp\libg.a(lib_a-memmove.o)
                0x08007b18                memmove
 .text.__malloc_lock
                0x08007c10        0xc d:/tool/gnuarm~1/bin/../lib/gcc/arm-none-eabi/10.3.1/../../../../arm-none-eabi/lib/thumb/v7-m/nofp\libg.a(lib_a-mlock.o)
                0x08007c10                __malloc_lock
 .text.__malloc_unlock
                0x08007c1c        0xc d:/tool/gnuarm~1/bin/../lib/gcc/arm-none-eabi/10.3.1/../../../../arm-none-eabi/lib/thumb/v7-m/nofp\libg.a(lib_a-mlock.o)
                0x08007c1c                __malloc_unlock
 .text._Balloc  0x08007c28       0x4c d:/tool/gnuarm~1/bin/../lib/gcc/arm-none-eabi/10.3.1/../../../../arm-none-eabi/lib/thumb/v7-m/nofp\libg.a(lib_a-mprec.o)
                0x08007c28                _Balloc
 .text._Bfree   0x08007c74       0x14 d:/tool/gnuarm~1/bin/../lib/gcc/arm-none-eabi/10.3.1/../../../../arm-none-eabi/lib/thumb/v7-m/nofp\libg.a(lib_a-mprec.o)
                0x08007c74                _Bfree
 .text.__multadd
                0x08007c88       0xa4 d:/tool/gnuarm~1/bin/../lib/gcc/arm-none-eabi/10.3.1/../../../../arm-none-eabi/lib/thumb/v7-m/nofp\libg.a(lib_a-mprec.o)
                0x08007c88                __multadd
 .text.__hi0bits
                0x08007d2c       0x40 d:/tool/gnuarm~1/bin/../lib/gcc/arm-none-eabi/10.3.1/../../../../arm-none-eabi/lib/thumb/v7-m/nofp\libg.a(lib_a-mprec.o)
                0x08007d2c                __hi0bits
 .text.__lo0bits
                0x08007d6c       0x58 d:/tool/gnuarm~1/bin/../lib/gcc/arm-none-eabi/10.3.1/../../../../arm-none-eabi/lib/thumb/v7-m/nofp\libg.a(lib_a-mprec.o)
                0x08007d6c                __lo0bits
 .text.__i2b    0x08007dc4       0x5c d:/tool/gnuarm~1/bin/../lib/gcc/arm-none-eabi/10.3.1/../../../../arm-none-eabi/lib/thumb/v7-m/nofp\libg.a(lib_a-mprec.o)
                0x08007dc4                __i2b
 .text.__multiply
                0x08007e20      0x15c d:/tool/gnuarm~1/bin/../lib/gcc/arm-none-eabi/10.3.1/../../../../arm-none-eabi/lib/thumb/v7-m/nofp\libg.a(lib_a-mprec.o)
                0x08007e20                __multiply
 .text.__pow5mult
                0x08007f7c       0xb8 d:/tool/gnuarm~1/bin/../lib/gcc/arm-none-eabi/10.3.1/../../../../arm-none-eabi/lib/thumb/v7-m/nofp\libg.a(lib_a-mprec.o)
                0x08007f7c                __pow5mult
 .text.__lshift
                0x08008034       0xec d:/tool/gnuarm~1/bin/../lib/gcc/arm-none-eabi/10.3.1/../../../../arm-none-eabi/lib/thumb/v7-m/nofp\libg.a(lib_a-mprec.o)
                0x08008034                __lshift
 .text.__mcmp   0x08008120       0x40 d:/tool/gnuarm~1/bin/../lib/gcc/arm-none-eabi/10.3.1/../../../../arm-none-eabi/lib/thumb/v7-m/nofp\libg.a(lib_a-mprec.o)
                0x08008120                __mcmp
 .text.__mdiff  0x08008160      0x14c d:/tool/gnuarm~1/bin/../lib/gcc/arm-none-eabi/10.3.1/../../../../arm-none-eabi/lib/thumb/v7-m/nofp\libg.a(lib_a-mprec.o)
                0x08008160                __mdiff
 .text.__d2b    0x080082ac       0xc4 d:/tool/gnuarm~1/bin/../lib/gcc/arm-none-eabi/10.3.1/../../../../arm-none-eabi/lib/thumb/v7-m/nofp\libg.a(lib_a-mprec.o)
                0x080082ac                __d2b
 .text._realloc_r
                0x08008370      0x3dc d:/tool/gnuarm~1/bin/../lib/gcc/arm-none-eabi/10.3.1/../../../../arm-none-eabi/lib/thumb/v7-m/nofp\libg.a(lib_a-reallocr.o)
                0x08008370                _realloc_r
 .text.frexp    0x0800874c       0x70 d:/tool/gnuarm~1/bin/../lib/gcc/arm-none-eabi/10.3.1/../../../../arm-none-eabi/lib/thumb/v7-m/nofp\libg.a(lib_a-s_frexp.o)
                0x0800874c                frexp
 .text._sbrk_r  0x080087bc       0x24 d:/tool/gnuarm~1/bin/../lib/gcc/arm-none-eabi/10.3.1/../../../../arm-none-eabi/lib/thumb/v7-m/nofp\libg.a(lib_a-sbrkr.o)
                0x080087bc                _sbrk_r
 .text.__sread  0x080087e0       0x24 d:/tool/gnuarm~1/bin/../lib/gcc/arm-none-eabi/10.3.1/../../../../arm-none-eabi/lib/thumb/v7-m/nofp\libg.a(lib_a-stdio.o)
                0x080087e0                __sread
 .text.__swrite
                0x08008804       0x40 d:/tool/gnuarm~1/bin/../lib/gcc/arm-none-eabi/10.3.1/../../../../arm-none-eabi/lib/thumb/v7-m/nofp\libg.a(lib_a-stdio.o)
                0x08008804                __swrite
 .text.__sseek  0x08008844       0x20 d:/tool/gnuarm~1/bin/../lib/gcc/arm-none-eabi/10.3.1/../../../../arm-none-eabi/lib/thumb/v7-m/nofp\libg.a(lib_a-stdio.o)
                0x08008844                __sseek
 .text.__sclose
                0x08008864        0x8 d:/tool/gnuarm~1/bin/../lib/gcc/arm-none-eabi/10.3.1/../../../../arm-none-eabi/lib/thumb/v7-m/nofp\libg.a(lib_a-stdio.o)
                0x08008864                __sclose
 .text.strncpy  0x0800886c       0x68 d:/tool/gnuarm~1/bin/../lib/gcc/arm-none-eabi/10.3.1/../../../../arm-none-eabi/lib/thumb/v7-m/nofp\libg.a(lib_a-strncpy.o)
                0x0800886c                strncpy
 .text.__sprint_r.part.0
                0x080088d4       0x78 d:/tool/gnuarm~1/bin/../lib/gcc/arm-none-eabi/10.3.1/../../../../arm-none-eabi/lib/thumb/v7-m/nofp\libg.a(lib_a-vfiprintf.o)
 .text.__sprint_r
                0x0800894c       0x14 d:/tool/gnuarm~1/bin/../lib/gcc/arm-none-eabi/10.3.1/../../../../arm-none-eabi/lib/thumb/v7-m/nofp\libg.a(lib_a-vfiprintf.o)
                0x0800894c                __sprint_r
 .text._vfiprintf_r
                0x08008960      0xd98 d:/tool/gnuarm~1/bin/../lib/gcc/arm-none-eabi/10.3.1/../../../../arm-none-eabi/lib/thumb/v7-m/nofp\libg.a(lib_a-vfiprintf.o)
                0x08008960                _vfiprintf_r
 .text.__sbprintf
                0x080096f8       0x84 d:/tool/gnuarm~1/bin/../lib/gcc/arm-none-eabi/10.3.1/../../../../arm-none-eabi/lib/thumb/v7-m/nofp\libg.a(lib_a-vfiprintf.o)
 .text._write_r
                0x0800977c       0x2c d:/tool/gnuarm~1/bin/../lib/gcc/arm-none-eabi/10.3.1/../../../../arm-none-eabi/lib/thumb/v7-m/nofp\libg.a(lib_a-writer.o)
                0x0800977c                _write_r
 .text.__register_exitproc
                0x080097a8       0x8c d:/tool/gnuarm~1/bin/../lib/gcc/arm-none-eabi/10.3.1/../../../../arm-none-eabi/lib/thumb/v7-m/nofp\libg.a(lib_a-__atexit.o)
                0x080097a8                __register_exitproc
 .text.__assert_func
                0x08009834       0x40 d:/tool/gnuarm~1/bin/../lib/gcc/arm-none-eabi/10.3.1/../../../../arm-none-eabi/lib/thumb/v7-m/nofp\libg.a(lib_a-assert.o)
                0x08009834                __assert_func
 .text._calloc_r
                0x08009874       0x78 d:/tool/gnuarm~1/bin/../lib/gcc/arm-none-eabi/10.3.1/../../../../arm-none-eabi/lib/thumb/v7-m/nofp\libg.a(lib_a-callocr.o)
                0x08009874                _calloc_r
 .text._close_r
                0x080098ec       0x24 d:/tool/gnuarm~1/bin/../lib/gcc/arm-none-eabi/10.3.1/../../../../arm-none-eabi/lib/thumb/v7-m/nofp\libg.a(lib_a-closer.o)
                0x080098ec                _close_r
 .text._fclose_r
                0x08009910       0xcc d:/tool/gnuarm~1/bin/../lib/gcc/arm-none-eabi/10.3.1/../../../../arm-none-eabi/lib/thumb/v7-m/nofp\libg.a(lib_a-fclose.o)
                0x08009910                _fclose_r
 .text.fiprintf
                0x080099dc       0x28 d:/tool/gnuarm~1/bin/../lib/gcc/arm-none-eabi/10.3.1/../../../../arm-none-eabi/lib/thumb/v7-m/nofp\libg.a(lib_a-fiprintf.o)
                0x080099dc                fiprintf
 .text.__fputwc
                0x08009a04       0xa0 d:/tool/gnuarm~1/bin/../lib/gcc/arm-none-eabi/10.3.1/../../../../arm-none-eabi/lib/thumb/v7-m/nofp\libg.a(lib_a-fputwc.o)
                0x08009a04                __fputwc
 .text._fputwc_r
                0x08009aa4       0x68 d:/tool/gnuarm~1/bin/../lib/gcc/arm-none-eabi/10.3.1/../../../../arm-none-eabi/lib/thumb/v7-m/nofp\libg.a(lib_a-fputwc.o)
                0x08009aa4                _fputwc_r
 .text._fstat_r
                0x08009b0c       0x28 d:/tool/gnuarm~1/bin/../lib/gcc/arm-none-eabi/10.3.1/../../../../arm-none-eabi/lib/thumb/v7-m/nofp\libg.a(lib_a-fstatr.o)
                0x08009b0c                _fstat_r
 .text._isatty_r
                0x08009b34       0x24 d:/tool/gnuarm~1/bin/../lib/gcc/arm-none-eabi/10.3.1/../../../../arm-none-eabi/lib/thumb/v7-m/nofp\libg.a(lib_a-isattyr.o)
                0x08009b34                _isatty_r
 .text.__locale_mb_cur_max
                0x08009b58        0xc d:/tool/gnuarm~1/bin/../lib/gcc/arm-none-eabi/10.3.1/../../../../arm-none-eabi/lib/thumb/v7-m/nofp\libg.a(lib_a-locale.o)
                0x08009b58                __locale_mb_cur_max
 .text._lseek_r
                0x08009b64       0x2c d:/tool/gnuarm~1/bin/../lib/gcc/arm-none-eabi/10.3.1/../../../../arm-none-eabi/lib/thumb/v7-m/nofp\libg.a(lib_a-lseekr.o)
                0x08009b64                _lseek_r
 .text.__ascii_mbtowc
                0x08009b90       0x2c d:/tool/gnuarm~1/bin/../lib/gcc/arm-none-eabi/10.3.1/../../../../arm-none-eabi/lib/thumb/v7-m/nofp\libg.a(lib_a-mbtowc_r.o)
                0x08009b90                __ascii_mbtowc
 .text._read_r  0x08009bbc       0x2c d:/tool/gnuarm~1/bin/../lib/gcc/arm-none-eabi/10.3.1/../../../../arm-none-eabi/lib/thumb/v7-m/nofp\libg.a(lib_a-readr.o)
                0x08009bbc                _read_r
 .text.__swbuf_r
                0x08009be8       0xb0 d:/tool/gnuarm~1/bin/../lib/gcc/arm-none-eabi/10.3.1/../../../../arm-none-eabi/lib/thumb/v7-m/nofp\libg.a(lib_a-wbuf.o)
                0x08009be8                __swbuf_r
 .text._wcrtomb_r
                0x08009c98       0x3c d:/tool/gnuarm~1/bin/../lib/gcc/arm-none-eabi/10.3.1/../../../../arm-none-eabi/lib/thumb/v7-m/nofp\libg.a(lib_a-wcrtomb.o)
                0x08009c98                _wcrtomb_r
 .text.__ascii_wctomb
                0x08009cd4       0x1c d:/tool/gnuarm~1/bin/../lib/gcc/arm-none-eabi/10.3.1/../../../../arm-none-eabi/lib/thumb/v7-m/nofp\libg.a(lib_a-wctomb_r.o)
                0x08009cd4                __ascii_wctomb
 .text.abort    0x08009cf0       0x10 d:/tool/gnuarm~1/bin/../lib/gcc/arm-none-eabi/10.3.1/../../../../arm-none-eabi/lib/thumb/v7-m/nofp\libg.a(lib_a-abort.o)
                0x08009cf0                abort
 .text.raise    0x08009d00       0x5c d:/tool/gnuarm~1/bin/../lib/gcc/arm-none-eabi/10.3.1/../../../../arm-none-eabi/lib/thumb/v7-m/nofp\libg.a(lib_a-signal.o)
                0x08009d00                raise
 .text._kill_r  0x08009d5c       0x28 d:/tool/gnuarm~1/bin/../lib/gcc/arm-none-eabi/10.3.1/../../../../arm-none-eabi/lib/thumb/v7-m/nofp\libg.a(lib_a-signalr.o)
                0x08009d5c                _kill_r
 .text._getpid_r
                0x08009d84        0x4 d:/tool/gnuarm~1/bin/../lib/gcc/arm-none-eabi/10.3.1/../../../../arm-none-eabi/lib/thumb/v7-m/nofp\libg.a(lib_a-signalr.o)
                0x08009d84                _getpid_r
 *(.glue_7)
 .glue_7        0x08009d88        0x0 linker stubs
 *(.glue_7t)
 .glue_7t       0x08009d88        0x0 linker stubs
 *(.eh_frame)
 .eh_frame      0x08009d88        0x0 d:/tool/gnuarm~1/bin/../lib/gcc/arm-none-eabi/10.3.1/thumb/v7-m/nofp/crtbegin.o
 *(.init)
 .init          0x08009d88        0x4 d:/tool/gnuarm~1/bin/../lib/gcc/arm-none-eabi/10.3.1/thumb/v7-m/nofp/crti.o
                0x08009d88                _init
 .init          0x08009d8c        0x8 d:/tool/gnuarm~1/bin/../lib/gcc/arm-none-eabi/10.3.1/thumb/v7-m/nofp/crtn.o
 *(.fini)
 .fini          0x08009d94        0x4 d:/tool/gnuarm~1/bin/../lib/gcc/arm-none-eabi/10.3.1/thumb/v7-m/nofp/crti.o
                0x08009d94                _fini
 .fini          0x08009d98        0x8 d:/tool/gnuarm~1/bin/../lib/gcc/arm-none-eabi/10.3.1/thumb/v7-m/nofp/crtn.o
                0x08009da0                . = ALIGN (0x4)
                0x08009da0                _etext = .

.vfp11_veneer   0x08009da0        0x0
 .vfp11_veneer  0x08009da0        0x0 linker stubs

.v4_bx          0x08009da0        0x0
 .v4_bx         0x08009da0        0x0 linker stubs

.iplt           0x08009da0        0x0
 .iplt          0x08009da0        0x0 d:/tool/gnuarm~1/bin/../lib/gcc/arm-none-eabi/10.3.1/thumb/v7-m/nofp/crtbegin.o

.rodata         0x08009da0      0x454
                0x08009da0                . = ALIGN (0x4)
 *(.rodata)
 *(.rodata*)
 .rodata.MotorInit.str1.4
                0x08009da0       0x23 CMakeFiles/Demo.elf.dir/Core/Src/DCmotor.c.obj
 *fill*         0x08009dc3        0x1 
 .rodata.main.str1.4
                0x08009dc4        0xa CMakeFiles/Demo.elf.dir/Core/Src/main.c.obj
 *fill*         0x08009dce        0x2 
 .rodata.AHBPrescTable
                0x08009dd0       0x10 CMakeFiles/Demo.elf.dir/Core/Src/system_stm32f1xx.c.obj
                0x08009dd0                AHBPrescTable
 .rodata.APBPrescTable
                0x08009de0        0x8 CMakeFiles/Demo.elf.dir/Core/Src/system_stm32f1xx.c.obj
                0x08009de0                APBPrescTable
 .rodata.aPLLMULFactorTable.1
                0x08009de8       0x10 CMakeFiles/Demo.elf.dir/Drivers/STM32F1xx_HAL_Driver/Src/stm32f1xx_hal_rcc.c.obj
 .rodata.aPredivFactorTable.0
                0x08009df8        0x2 CMakeFiles/Demo.elf.dir/Drivers/STM32F1xx_HAL_Driver/Src/stm32f1xx_hal_rcc.c.obj
 *fill*         0x08009dfa        0x2 
 .rodata._global_impure_ptr
                0x08009dfc        0x4 d:/tool/gnuarm~1/bin/../lib/gcc/arm-none-eabi/10.3.1/../../../../arm-none-eabi/lib/thumb/v7-m/nofp\libg.a(lib_a-impure.o)
                0x08009dfc                _global_impure_ptr
 .rodata._puts_r.str1.4
                0x08009e00        0xa d:/tool/gnuarm~1/bin/../lib/gcc/arm-none-eabi/10.3.1/../../../../arm-none-eabi/lib/thumb/v7-m/nofp\libg.a(lib_a-puts.o)
                                  0x2 (size before relaxing)
 .rodata._vfprintf_r.str1.4
                0x08009e00       0x42 d:/tool/gnuarm~1/bin/../lib/gcc/arm-none-eabi/10.3.1/../../../../arm-none-eabi/lib/thumb/v7-m/nofp\libg.a(lib_a-vfprintf.o)
 *fill*         0x08009e42        0x2 
 .rodata.blanks.1
                0x08009e44       0x10 d:/tool/gnuarm~1/bin/../lib/gcc/arm-none-eabi/10.3.1/../../../../arm-none-eabi/lib/thumb/v7-m/nofp\libg.a(lib_a-vfprintf.o)
 .rodata.zeroes.0
                0x08009e54       0x10 d:/tool/gnuarm~1/bin/../lib/gcc/arm-none-eabi/10.3.1/../../../../arm-none-eabi/lib/thumb/v7-m/nofp\libg.a(lib_a-vfprintf.o)
 .rodata._dtoa_r.str1.4
                0x08009e64       0xa2 d:/tool/gnuarm~1/bin/../lib/gcc/arm-none-eabi/10.3.1/../../../../arm-none-eabi/lib/thumb/v7-m/nofp\libg.a(lib_a-dtoa.o)
                                 0xa6 (size before relaxing)
 *fill*         0x08009f06        0x2 
 .rodata.__multadd.str1.4
                0x08009f08       0x7f d:/tool/gnuarm~1/bin/../lib/gcc/arm-none-eabi/10.3.1/../../../../arm-none-eabi/lib/thumb/v7-m/nofp\libg.a(lib_a-mprec.o)
                                 0x93 (size before relaxing)
 *fill*         0x08009f87        0x1 
 .rodata.__mprec_bigtens
                0x08009f88       0x28 d:/tool/gnuarm~1/bin/../lib/gcc/arm-none-eabi/10.3.1/../../../../arm-none-eabi/lib/thumb/v7-m/nofp\libg.a(lib_a-mprec.o)
                0x08009f88                __mprec_bigtens
 .rodata.__mprec_tens
                0x08009fb0       0xc8 d:/tool/gnuarm~1/bin/../lib/gcc/arm-none-eabi/10.3.1/../../../../arm-none-eabi/lib/thumb/v7-m/nofp\libg.a(lib_a-mprec.o)
                0x08009fb0                __mprec_tens
 .rodata.p05.0  0x0800a078        0xc d:/tool/gnuarm~1/bin/../lib/gcc/arm-none-eabi/10.3.1/../../../../arm-none-eabi/lib/thumb/v7-m/nofp\libg.a(lib_a-mprec.o)
 .rodata._vfiprintf_r.str1.4
                0x0800a084       0x2f d:/tool/gnuarm~1/bin/../lib/gcc/arm-none-eabi/10.3.1/../../../../arm-none-eabi/lib/thumb/v7-m/nofp\libg.a(lib_a-vfiprintf.o)
 .rodata.blanks.1
                0x0800a084       0x10 d:/tool/gnuarm~1/bin/../lib/gcc/arm-none-eabi/10.3.1/../../../../arm-none-eabi/lib/thumb/v7-m/nofp\libg.a(lib_a-vfiprintf.o)
 .rodata.zeroes.0
                0x0800a094       0x10 d:/tool/gnuarm~1/bin/../lib/gcc/arm-none-eabi/10.3.1/../../../../arm-none-eabi/lib/thumb/v7-m/nofp\libg.a(lib_a-vfiprintf.o)
 .rodata.__assert_func.str1.4
                0x0800a0a4       0x3f d:/tool/gnuarm~1/bin/../lib/gcc/arm-none-eabi/10.3.1/../../../../arm-none-eabi/lib/thumb/v7-m/nofp\libg.a(lib_a-assert.o)
                                 0x43 (size before relaxing)
 *fill*         0x0800a0e3        0x1 
 .rodata._setlocale_r.str1.4
                0x0800a0e4        0xa d:/tool/gnuarm~1/bin/../lib/gcc/arm-none-eabi/10.3.1/../../../../arm-none-eabi/lib/thumb/v7-m/nofp\libg.a(lib_a-locale.o)
                                  0xd (size before relaxing)
 .rodata.str1.4
                0x0800a0ee        0xa d:/tool/gnuarm~1/bin/../lib/gcc/arm-none-eabi/10.3.1/../../../../arm-none-eabi/lib/thumb/v7-m/nofp\libg.a(lib_a-locale.o)
                                  0x2 (size before relaxing)
 *fill*         0x0800a0ee        0x2 
 .rodata._ctype_
                0x0800a0f0      0x101 d:/tool/gnuarm~1/bin/../lib/gcc/arm-none-eabi/10.3.1/../../../../arm-none-eabi/lib/thumb/v7-m/nofp\libg.a(lib_a-ctype_.o)
                0x0800a0f0                _ctype_
                0x0800a1f4                . = ALIGN (0x4)
 *fill*         0x0800a1f1        0x3 

.ARM.extab      0x0800a1f4        0x0
                0x0800a1f4                . = ALIGN (0x4)
 *(.ARM.extab* .gnu.linkonce.armextab.*)
                0x0800a1f4                . = ALIGN (0x4)

.ARM            0x0800a1f4        0x8
                0x0800a1f4                . = ALIGN (0x4)
                0x0800a1f4                __exidx_start = .
 *(.ARM.exidx*)
 .ARM.exidx     0x0800a1f4        0x8 d:/tool/gnuarm~1/bin/../lib/gcc/arm-none-eabi/10.3.1/thumb/v7-m/nofp\libgcc.a(_udivmoddi4.o)
                0x0800a1fc                __exidx_end = .
                0x0800a1fc                . = ALIGN (0x4)

.rel.dyn        0x0800a1fc        0x0
 .rel.iplt      0x0800a1fc        0x0 d:/tool/gnuarm~1/bin/../lib/gcc/arm-none-eabi/10.3.1/thumb/v7-m/nofp/crtbegin.o

.preinit_array  0x0800a1fc        0x0
                0x0800a1fc                . = ALIGN (0x4)
                0x0800a1fc                PROVIDE (__preinit_array_start = .)
 *(.preinit_array*)
                0x0800a1fc                PROVIDE (__preinit_array_end = .)
                0x0800a1fc                . = ALIGN (0x4)

.init_array     0x0800a1fc        0x8
                0x0800a1fc                . = ALIGN (0x4)
                0x0800a1fc                PROVIDE (__init_array_start = .)
 *(SORT_BY_NAME(.init_array.*))
 .init_array.00000
                0x0800a1fc        0x4 d:/tool/gnuarm~1/bin/../lib/gcc/arm-none-eabi/10.3.1/../../../../arm-none-eabi/lib/thumb/v7-m/nofp\libg.a(lib_a-__call_atexit.o)
 *(.init_array*)
 .init_array    0x0800a200        0x4 d:/tool/gnuarm~1/bin/../lib/gcc/arm-none-eabi/10.3.1/thumb/v7-m/nofp/crtbegin.o
                0x0800a204                PROVIDE (__init_array_end = .)
                0x0800a204                . = ALIGN (0x4)

.fini_array     0x0800a204        0x4
                0x0800a204                . = ALIGN (0x4)
                0x0800a204                PROVIDE (__fini_array_start = .)
 *(SORT_BY_NAME(.fini_array.*))
 *(.fini_array*)
 .fini_array    0x0800a204        0x4 d:/tool/gnuarm~1/bin/../lib/gcc/arm-none-eabi/10.3.1/thumb/v7-m/nofp/crtbegin.o
                0x0800a208                PROVIDE (__fini_array_end = .)
                0x0800a208                . = ALIGN (0x4)
                0x0800a208                _sidata = LOADADDR (.data)

.data           0x20000000      0x9b8 load address 0x0800a208
                0x20000000                . = ALIGN (0x4)
                0x20000000                _sdata = .
 *(.data)
 *(.data*)
 .data.SystemCoreClock
                0x20000000        0x4 CMakeFiles/Demo.elf.dir/Core/Src/system_stm32f1xx.c.obj
                0x20000000                SystemCoreClock
 .data.uwTickFreq
                0x20000004        0x1 CMakeFiles/Demo.elf.dir/Drivers/STM32F1xx_HAL_Driver/Src/stm32f1xx_hal.c.obj
                0x20000004                uwTickFreq
 *fill*         0x20000005        0x3 
 .data.uwTickPrio
                0x20000008        0x4 CMakeFiles/Demo.elf.dir/Drivers/STM32F1xx_HAL_Driver/Src/stm32f1xx_hal.c.obj
                0x20000008                uwTickPrio
 .data._impure_ptr
                0x2000000c        0x4 d:/tool/gnuarm~1/bin/../lib/gcc/arm-none-eabi/10.3.1/../../../../arm-none-eabi/lib/thumb/v7-m/nofp\libg.a(lib_a-impure.o)
                0x2000000c                _impure_ptr
 .data.impure_data
                0x20000010      0x428 d:/tool/gnuarm~1/bin/../lib/gcc/arm-none-eabi/10.3.1/../../../../arm-none-eabi/lib/thumb/v7-m/nofp\libg.a(lib_a-impure.o)
 .data.__atexit_recursive_mutex
                0x20000438        0x4 d:/tool/gnuarm~1/bin/../lib/gcc/arm-none-eabi/10.3.1/../../../../arm-none-eabi/lib/thumb/v7-m/nofp\libg.a(lib_a-__call_atexit.o)
                0x20000438                __atexit_recursive_mutex
 .data.__malloc_av_
                0x2000043c      0x408 d:/tool/gnuarm~1/bin/../lib/gcc/arm-none-eabi/10.3.1/../../../../arm-none-eabi/lib/thumb/v7-m/nofp\libg.a(lib_a-mallocr.o)
                0x2000043c                __malloc_av_
 .data.__malloc_sbrk_base
                0x20000844        0x4 d:/tool/gnuarm~1/bin/../lib/gcc/arm-none-eabi/10.3.1/../../../../arm-none-eabi/lib/thumb/v7-m/nofp\libg.a(lib_a-mallocr.o)
                0x20000844                __malloc_sbrk_base
 .data.__malloc_trim_threshold
                0x20000848        0x4 d:/tool/gnuarm~1/bin/../lib/gcc/arm-none-eabi/10.3.1/../../../../arm-none-eabi/lib/thumb/v7-m/nofp\libg.a(lib_a-mallocr.o)
                0x20000848                __malloc_trim_threshold
 .data.__global_locale
                0x2000084c      0x16c d:/tool/gnuarm~1/bin/../lib/gcc/arm-none-eabi/10.3.1/../../../../arm-none-eabi/lib/thumb/v7-m/nofp\libg.a(lib_a-locale.o)
                0x2000084c                __global_locale
 *(.RamFunc)
 *(.RamFunc*)
                0x200009b8                . = ALIGN (0x4)
                0x200009b8                _edata = .

.igot.plt       0x200009b8        0x0 load address 0x0800abc0
 .igot.plt      0x200009b8        0x0 d:/tool/gnuarm~1/bin/../lib/gcc/arm-none-eabi/10.3.1/thumb/v7-m/nofp/crtbegin.o
                0x200009b8                . = ALIGN (0x4)

.bss            0x200009b8      0x214 load address 0x0800abc0
                0x200009b8                _sbss = .
                0x200009b8                __bss_start__ = _sbss
 *(.bss)
 .bss           0x200009b8       0x1c d:/tool/gnuarm~1/bin/../lib/gcc/arm-none-eabi/10.3.1/thumb/v7-m/nofp/crtbegin.o
 *(.bss*)
 .bss.Speed_PID
                0x200009d4       0x28 CMakeFiles/Demo.elf.dir/Core/Src/DCmotor.c.obj
                0x200009d4                Speed_PID
 .bss.speed     0x200009fc        0x4 CMakeFiles/Demo.elf.dir/Core/Src/DCmotor.c.obj
                0x200009fc                speed
 .bss.angle_data_prev
                0x20000a00        0x4 CMakeFiles/Demo.elf.dir/Core/Src/bsp_as5600.c.obj
 .bss.full_rotations
                0x20000a04        0x4 CMakeFiles/Demo.elf.dir/Core/Src/bsp_as5600.c.obj
 .bss.hi2c1     0x20000a08       0x54 CMakeFiles/Demo.elf.dir/Core/Src/i2c.c.obj
                0x20000a08                hi2c1
 .bss.__sbrk_heap_end
                0x20000a5c        0x4 CMakeFiles/Demo.elf.dir/Core/Src/sysmem.c.obj
 .bss.htim1     0x20000a60       0x48 CMakeFiles/Demo.elf.dir/Core/Src/tim.c.obj
                0x20000a60                htim1
 .bss.htim2     0x20000aa8       0x48 CMakeFiles/Demo.elf.dir/Core/Src/tim.c.obj
                0x20000aa8                htim2
 .bss.htim6     0x20000af0       0x48 CMakeFiles/Demo.elf.dir/Core/Src/tim.c.obj
                0x20000af0                htim6
 .bss.huart1    0x20000b38       0x48 CMakeFiles/Demo.elf.dir/Core/Src/usart.c.obj
                0x20000b38                huart1
 .bss.uwTick    0x20000b80        0x4 CMakeFiles/Demo.elf.dir/Drivers/STM32F1xx_HAL_Driver/Src/stm32f1xx_hal.c.obj
                0x20000b80                uwTick
 .bss.__lock___atexit_recursive_mutex
                0x20000b84        0x1 d:/tool/gnuarm~1/bin/../lib/gcc/arm-none-eabi/10.3.1/../../../../arm-none-eabi/lib/thumb/v7-m/nofp\libg.a(lib_a-lock.o)
                0x20000b84                __lock___atexit_recursive_mutex
 *fill*         0x20000b85        0x3 
 .bss.__lock___malloc_recursive_mutex
                0x20000b88        0x1 d:/tool/gnuarm~1/bin/../lib/gcc/arm-none-eabi/10.3.1/../../../../arm-none-eabi/lib/thumb/v7-m/nofp\libg.a(lib_a-lock.o)
                0x20000b88                __lock___malloc_recursive_mutex
 *fill*         0x20000b89        0x3 
 .bss.__lock___sfp_recursive_mutex
                0x20000b8c        0x1 d:/tool/gnuarm~1/bin/../lib/gcc/arm-none-eabi/10.3.1/../../../../arm-none-eabi/lib/thumb/v7-m/nofp\libg.a(lib_a-lock.o)
                0x20000b8c                __lock___sfp_recursive_mutex
 *fill*         0x20000b8d        0x3 
 .bss.__lock___sinit_recursive_mutex
                0x20000b90        0x1 d:/tool/gnuarm~1/bin/../lib/gcc/arm-none-eabi/10.3.1/../../../../arm-none-eabi/lib/thumb/v7-m/nofp\libg.a(lib_a-lock.o)
                0x20000b90                __lock___sinit_recursive_mutex
 *fill*         0x20000b91        0x3 
 .bss.__malloc_current_mallinfo
                0x20000b94       0x28 d:/tool/gnuarm~1/bin/../lib/gcc/arm-none-eabi/10.3.1/../../../../arm-none-eabi/lib/thumb/v7-m/nofp\libg.a(lib_a-mallocr.o)
                0x20000b94                __malloc_current_mallinfo
 .bss.__malloc_max_sbrked_mem
                0x20000bbc        0x4 d:/tool/gnuarm~1/bin/../lib/gcc/arm-none-eabi/10.3.1/../../../../arm-none-eabi/lib/thumb/v7-m/nofp\libg.a(lib_a-mallocr.o)
                0x20000bbc                __malloc_max_sbrked_mem
 .bss.__malloc_max_total_mem
                0x20000bc0        0x4 d:/tool/gnuarm~1/bin/../lib/gcc/arm-none-eabi/10.3.1/../../../../arm-none-eabi/lib/thumb/v7-m/nofp\libg.a(lib_a-mallocr.o)
                0x20000bc0                __malloc_max_total_mem
 .bss.__malloc_top_pad
                0x20000bc4        0x4 d:/tool/gnuarm~1/bin/../lib/gcc/arm-none-eabi/10.3.1/../../../../arm-none-eabi/lib/thumb/v7-m/nofp\libg.a(lib_a-mallocr.o)
                0x20000bc4                __malloc_top_pad
 .bss.errno     0x20000bc8        0x4 d:/tool/gnuarm~1/bin/../lib/gcc/arm-none-eabi/10.3.1/../../../../arm-none-eabi/lib/thumb/v7-m/nofp\libg.a(lib_a-reent.o)
                0x20000bc8                errno
 *(COMMON)
                0x20000bcc                . = ALIGN (0x4)
                0x20000bcc                _ebss = .
                0x20000bcc                __bss_end__ = _ebss

._user_heap_stack
                0x20000bcc      0x604 load address 0x0800abc0
                0x20000bd0                . = ALIGN (0x8)
 *fill*         0x20000bcc        0x4 
                [!provide]                PROVIDE (end = .)
                0x20000bd0                PROVIDE (_end = .)
                0x20000dd0                . = (. + _Min_Heap_Size)
 *fill*         0x20000bd0      0x200 
                0x200011d0                . = (. + _Min_Stack_Size)
 *fill*         0x20000dd0      0x400 
                0x200011d0                . = ALIGN (0x8)

/DISCARD/
 libc.a(*)
 libm.a(*)
 libgcc.a(*)

.ARM.attributes
                0x00000000       0x29
 *(.ARM.attributes)
 .ARM.attributes
                0x00000000       0x1d d:/tool/gnuarm~1/bin/../lib/gcc/arm-none-eabi/10.3.1/thumb/v7-m/nofp/crti.o
 .ARM.attributes
                0x0000001d       0x2d d:/tool/gnuarm~1/bin/../lib/gcc/arm-none-eabi/10.3.1/thumb/v7-m/nofp/crtbegin.o
 .ARM.attributes
                0x0000004a       0x2d CMakeFiles/Demo.elf.dir/Core/Src/DCmotor.c.obj
 .ARM.attributes
                0x00000077       0x2d CMakeFiles/Demo.elf.dir/Core/Src/bsp_as5600.c.obj
 .ARM.attributes
                0x000000a4       0x2d CMakeFiles/Demo.elf.dir/Core/Src/gpio.c.obj
 .ARM.attributes
                0x000000d1       0x2d CMakeFiles/Demo.elf.dir/Core/Src/i2c.c.obj
 .ARM.attributes
                0x000000fe       0x2d CMakeFiles/Demo.elf.dir/Core/Src/main.c.obj
 .ARM.attributes
                0x0000012b       0x2d CMakeFiles/Demo.elf.dir/Core/Src/stm32f1xx_hal_msp.c.obj
 .ARM.attributes
                0x00000158       0x2d CMakeFiles/Demo.elf.dir/Core/Src/stm32f1xx_it.c.obj
 .ARM.attributes
                0x00000185       0x2d CMakeFiles/Demo.elf.dir/Core/Src/syscalls.c.obj
 .ARM.attributes
                0x000001b2       0x2d CMakeFiles/Demo.elf.dir/Core/Src/sysmem.c.obj
 .ARM.attributes
                0x000001df       0x2d CMakeFiles/Demo.elf.dir/Core/Src/system_stm32f1xx.c.obj
 .ARM.attributes
                0x0000020c       0x2d CMakeFiles/Demo.elf.dir/Core/Src/tim.c.obj
 .ARM.attributes
                0x00000239       0x2d CMakeFiles/Demo.elf.dir/Core/Src/usart.c.obj
 .ARM.attributes
                0x00000266       0x21 CMakeFiles/Demo.elf.dir/Core/Startup/startup_stm32f103zetx.s.obj
 .ARM.attributes
                0x00000287       0x2d CMakeFiles/Demo.elf.dir/Drivers/STM32F1xx_HAL_Driver/Src/stm32f1xx_hal.c.obj
 .ARM.attributes
                0x000002b4       0x2d CMakeFiles/Demo.elf.dir/Drivers/STM32F1xx_HAL_Driver/Src/stm32f1xx_hal_cortex.c.obj
 .ARM.attributes
                0x000002e1       0x2d CMakeFiles/Demo.elf.dir/Drivers/STM32F1xx_HAL_Driver/Src/stm32f1xx_hal_gpio.c.obj
 .ARM.attributes
                0x0000030e       0x2d CMakeFiles/Demo.elf.dir/Drivers/STM32F1xx_HAL_Driver/Src/stm32f1xx_hal_i2c.c.obj
 .ARM.attributes
                0x0000033b       0x2d CMakeFiles/Demo.elf.dir/Drivers/STM32F1xx_HAL_Driver/Src/stm32f1xx_hal_rcc.c.obj
 .ARM.attributes
                0x00000368       0x2d CMakeFiles/Demo.elf.dir/Drivers/STM32F1xx_HAL_Driver/Src/stm32f1xx_hal_tim.c.obj
 .ARM.attributes
                0x00000395       0x2d CMakeFiles/Demo.elf.dir/Drivers/STM32F1xx_HAL_Driver/Src/stm32f1xx_hal_tim_ex.c.obj
 .ARM.attributes
                0x000003c2       0x2d CMakeFiles/Demo.elf.dir/Drivers/STM32F1xx_HAL_Driver/Src/stm32f1xx_hal_uart.c.obj
 .ARM.attributes
                0x000003ef       0x1d d:/tool/gnuarm~1/bin/../lib/gcc/arm-none-eabi/10.3.1/thumb/v7-m/nofp\libgcc.a(_arm_addsubdf3.o)
 .ARM.attributes
                0x0000040c       0x1d d:/tool/gnuarm~1/bin/../lib/gcc/arm-none-eabi/10.3.1/thumb/v7-m/nofp\libgcc.a(_arm_addsubsf3.o)
 .ARM.attributes
                0x00000429       0x1d d:/tool/gnuarm~1/bin/../lib/gcc/arm-none-eabi/10.3.1/thumb/v7-m/nofp\libgcc.a(_arm_muldivsf3.o)
 .ARM.attributes
                0x00000446       0x1d d:/tool/gnuarm~1/bin/../lib/gcc/arm-none-eabi/10.3.1/thumb/v7-m/nofp\libgcc.a(_arm_cmpsf2.o)
 .ARM.attributes
                0x00000463       0x1d d:/tool/gnuarm~1/bin/../lib/gcc/arm-none-eabi/10.3.1/thumb/v7-m/nofp\libgcc.a(_arm_fixunssfsi.o)
 .ARM.attributes
                0x00000480       0x2d d:/tool/gnuarm~1/bin/../lib/gcc/arm-none-eabi/10.3.1/../../../../arm-none-eabi/lib/thumb/v7-m/nofp\libg.a(lib_a-errno.o)
 .ARM.attributes
                0x000004ad       0x2d d:/tool/gnuarm~1/bin/../lib/gcc/arm-none-eabi/10.3.1/../../../../arm-none-eabi/lib/thumb/v7-m/nofp\libg.a(lib_a-impure.o)
 .ARM.attributes
                0x000004da       0x2d d:/tool/gnuarm~1/bin/../lib/gcc/arm-none-eabi/10.3.1/../../../../arm-none-eabi/lib/thumb/v7-m/nofp\libg.a(lib_a-init.o)
 .ARM.attributes
                0x00000507       0x2d d:/tool/gnuarm~1/bin/../lib/gcc/arm-none-eabi/10.3.1/../../../../arm-none-eabi/lib/thumb/v7-m/nofp\libg.a(lib_a-memset.o)
 .ARM.attributes
                0x00000534       0x2d d:/tool/gnuarm~1/bin/../lib/gcc/arm-none-eabi/10.3.1/../../../../arm-none-eabi/lib/thumb/v7-m/nofp\libg.a(lib_a-printf.o)
 .ARM.attributes
                0x00000561       0x2d d:/tool/gnuarm~1/bin/../lib/gcc/arm-none-eabi/10.3.1/../../../../arm-none-eabi/lib/thumb/v7-m/nofp\libg.a(lib_a-puts.o)
 .ARM.attributes
                0x0000058e       0x2d d:/tool/gnuarm~1/bin/../lib/gcc/arm-none-eabi/10.3.1/../../../../arm-none-eabi/lib/thumb/v7-m/nofp\libg.a(lib_a-strlen-stub.o)
 .ARM.attributes
                0x000005bb       0x2d d:/tool/gnuarm~1/bin/../lib/gcc/arm-none-eabi/10.3.1/../../../../arm-none-eabi/lib/thumb/v7-m/nofp\libg.a(lib_a-vfprintf.o)
 .ARM.attributes
                0x000005e8       0x2d d:/tool/gnuarm~1/bin/../lib/gcc/arm-none-eabi/10.3.1/../../../../arm-none-eabi/lib/thumb/v7-m/nofp\libg.a(lib_a-wsetup.o)
 .ARM.attributes
                0x00000615       0x2d d:/tool/gnuarm~1/bin/../lib/gcc/arm-none-eabi/10.3.1/../../../../arm-none-eabi/lib/thumb/v7-m/nofp\libg.a(lib_a-__call_atexit.o)
 .ARM.attributes
                0x00000642       0x2d d:/tool/gnuarm~1/bin/../lib/gcc/arm-none-eabi/10.3.1/../../../../arm-none-eabi/lib/thumb/v7-m/nofp\libg.a(lib_a-atexit.o)
 .ARM.attributes
                0x0000066f       0x2d d:/tool/gnuarm~1/bin/../lib/gcc/arm-none-eabi/10.3.1/../../../../arm-none-eabi/lib/thumb/v7-m/nofp\libg.a(lib_a-dtoa.o)
 .ARM.attributes
                0x0000069c       0x2d d:/tool/gnuarm~1/bin/../lib/gcc/arm-none-eabi/10.3.1/../../../../arm-none-eabi/lib/thumb/v7-m/nofp\libg.a(lib_a-fflush.o)
 .ARM.attributes
                0x000006c9       0x2d d:/tool/gnuarm~1/bin/../lib/gcc/arm-none-eabi/10.3.1/../../../../arm-none-eabi/lib/thumb/v7-m/nofp\libg.a(lib_a-findfp.o)
 .ARM.attributes
                0x000006f6       0x2d d:/tool/gnuarm~1/bin/../lib/gcc/arm-none-eabi/10.3.1/../../../../arm-none-eabi/lib/thumb/v7-m/nofp\libg.a(lib_a-fini.o)
 .ARM.attributes
                0x00000723       0x2d d:/tool/gnuarm~1/bin/../lib/gcc/arm-none-eabi/10.3.1/../../../../arm-none-eabi/lib/thumb/v7-m/nofp\libg.a(lib_a-freer.o)
 .ARM.attributes
                0x00000750       0x2d d:/tool/gnuarm~1/bin/../lib/gcc/arm-none-eabi/10.3.1/../../../../arm-none-eabi/lib/thumb/v7-m/nofp\libg.a(lib_a-fvwrite.o)
 .ARM.attributes
                0x0000077d       0x2d d:/tool/gnuarm~1/bin/../lib/gcc/arm-none-eabi/10.3.1/../../../../arm-none-eabi/lib/thumb/v7-m/nofp\libg.a(lib_a-fwalk.o)
 .ARM.attributes
                0x000007aa       0x2d d:/tool/gnuarm~1/bin/../lib/gcc/arm-none-eabi/10.3.1/../../../../arm-none-eabi/lib/thumb/v7-m/nofp\libg.a(lib_a-localeconv.o)
 .ARM.attributes
                0x000007d7       0x2d d:/tool/gnuarm~1/bin/../lib/gcc/arm-none-eabi/10.3.1/../../../../arm-none-eabi/lib/thumb/v7-m/nofp\libg.a(lib_a-lock.o)
 .ARM.attributes
                0x00000804       0x2d d:/tool/gnuarm~1/bin/../lib/gcc/arm-none-eabi/10.3.1/../../../../arm-none-eabi/lib/thumb/v7-m/nofp\libg.a(lib_a-makebuf.o)
 .ARM.attributes
                0x00000831       0x2d d:/tool/gnuarm~1/bin/../lib/gcc/arm-none-eabi/10.3.1/../../../../arm-none-eabi/lib/thumb/v7-m/nofp\libg.a(lib_a-mallocr.o)
 .ARM.attributes
                0x0000085e       0x2d d:/tool/gnuarm~1/bin/../lib/gcc/arm-none-eabi/10.3.1/../../../../arm-none-eabi/lib/thumb/v7-m/nofp\libg.a(lib_a-memchr-stub.o)
 .ARM.attributes
                0x0000088b       0x1b d:/tool/gnuarm~1/bin/../lib/gcc/arm-none-eabi/10.3.1/../../../../arm-none-eabi/lib/thumb/v7-m/nofp\libg.a(lib_a-memcpy.o)
 .ARM.attributes
                0x000008a6       0x2d d:/tool/gnuarm~1/bin/../lib/gcc/arm-none-eabi/10.3.1/../../../../arm-none-eabi/lib/thumb/v7-m/nofp\libg.a(lib_a-memmove.o)
 .ARM.attributes
                0x000008d3       0x2d d:/tool/gnuarm~1/bin/../lib/gcc/arm-none-eabi/10.3.1/../../../../arm-none-eabi/lib/thumb/v7-m/nofp\libg.a(lib_a-mlock.o)
 .ARM.attributes
                0x00000900       0x2d d:/tool/gnuarm~1/bin/../lib/gcc/arm-none-eabi/10.3.1/../../../../arm-none-eabi/lib/thumb/v7-m/nofp\libg.a(lib_a-mprec.o)
 .ARM.attributes
                0x0000092d       0x2d d:/tool/gnuarm~1/bin/../lib/gcc/arm-none-eabi/10.3.1/../../../../arm-none-eabi/lib/thumb/v7-m/nofp\libg.a(lib_a-reallocr.o)
 .ARM.attributes
                0x0000095a       0x2d d:/tool/gnuarm~1/bin/../lib/gcc/arm-none-eabi/10.3.1/../../../../arm-none-eabi/lib/thumb/v7-m/nofp\libg.a(lib_a-s_frexp.o)
 .ARM.attributes
                0x00000987       0x2d d:/tool/gnuarm~1/bin/../lib/gcc/arm-none-eabi/10.3.1/../../../../arm-none-eabi/lib/thumb/v7-m/nofp\libg.a(lib_a-sbrkr.o)
 .ARM.attributes
                0x000009b4       0x2d d:/tool/gnuarm~1/bin/../lib/gcc/arm-none-eabi/10.3.1/../../../../arm-none-eabi/lib/thumb/v7-m/nofp\libg.a(lib_a-stdio.o)
 .ARM.attributes
                0x000009e1       0x2d d:/tool/gnuarm~1/bin/../lib/gcc/arm-none-eabi/10.3.1/../../../../arm-none-eabi/lib/thumb/v7-m/nofp\libg.a(lib_a-strncpy.o)
 .ARM.attributes
                0x00000a0e       0x2d d:/tool/gnuarm~1/bin/../lib/gcc/arm-none-eabi/10.3.1/../../../../arm-none-eabi/lib/thumb/v7-m/nofp\libg.a(lib_a-vfiprintf.o)
 .ARM.attributes
                0x00000a3b       0x2d d:/tool/gnuarm~1/bin/../lib/gcc/arm-none-eabi/10.3.1/../../../../arm-none-eabi/lib/thumb/v7-m/nofp\libg.a(lib_a-writer.o)
 .ARM.attributes
                0x00000a68       0x2d d:/tool/gnuarm~1/bin/../lib/gcc/arm-none-eabi/10.3.1/../../../../arm-none-eabi/lib/thumb/v7-m/nofp\libg.a(lib_a-__atexit.o)
 .ARM.attributes
                0x00000a95       0x2d d:/tool/gnuarm~1/bin/../lib/gcc/arm-none-eabi/10.3.1/../../../../arm-none-eabi/lib/thumb/v7-m/nofp\libg.a(lib_a-assert.o)
 .ARM.attributes
                0x00000ac2       0x2d d:/tool/gnuarm~1/bin/../lib/gcc/arm-none-eabi/10.3.1/../../../../arm-none-eabi/lib/thumb/v7-m/nofp\libg.a(lib_a-callocr.o)
 .ARM.attributes
                0x00000aef       0x2d d:/tool/gnuarm~1/bin/../lib/gcc/arm-none-eabi/10.3.1/../../../../arm-none-eabi/lib/thumb/v7-m/nofp\libg.a(lib_a-closer.o)
 .ARM.attributes
                0x00000b1c       0x2d d:/tool/gnuarm~1/bin/../lib/gcc/arm-none-eabi/10.3.1/../../../../arm-none-eabi/lib/thumb/v7-m/nofp\libg.a(lib_a-fclose.o)
 .ARM.attributes
                0x00000b49       0x2d d:/tool/gnuarm~1/bin/../lib/gcc/arm-none-eabi/10.3.1/../../../../arm-none-eabi/lib/thumb/v7-m/nofp\libg.a(lib_a-fiprintf.o)
 .ARM.attributes
                0x00000b76       0x2d d:/tool/gnuarm~1/bin/../lib/gcc/arm-none-eabi/10.3.1/../../../../arm-none-eabi/lib/thumb/v7-m/nofp\libg.a(lib_a-fputwc.o)
 .ARM.attributes
                0x00000ba3       0x2d d:/tool/gnuarm~1/bin/../lib/gcc/arm-none-eabi/10.3.1/../../../../arm-none-eabi/lib/thumb/v7-m/nofp\libg.a(lib_a-fstatr.o)
 .ARM.attributes
                0x00000bd0       0x2d d:/tool/gnuarm~1/bin/../lib/gcc/arm-none-eabi/10.3.1/../../../../arm-none-eabi/lib/thumb/v7-m/nofp\libg.a(lib_a-isattyr.o)
 .ARM.attributes
                0x00000bfd       0x2d d:/tool/gnuarm~1/bin/../lib/gcc/arm-none-eabi/10.3.1/../../../../arm-none-eabi/lib/thumb/v7-m/nofp\libg.a(lib_a-locale.o)
 .ARM.attributes
                0x00000c2a       0x2d d:/tool/gnuarm~1/bin/../lib/gcc/arm-none-eabi/10.3.1/../../../../arm-none-eabi/lib/thumb/v7-m/nofp\libg.a(lib_a-lseekr.o)
 .ARM.attributes
                0x00000c57       0x2d d:/tool/gnuarm~1/bin/../lib/gcc/arm-none-eabi/10.3.1/../../../../arm-none-eabi/lib/thumb/v7-m/nofp\libg.a(lib_a-mbtowc_r.o)
 .ARM.attributes
                0x00000c84       0x2d d:/tool/gnuarm~1/bin/../lib/gcc/arm-none-eabi/10.3.1/../../../../arm-none-eabi/lib/thumb/v7-m/nofp\libg.a(lib_a-readr.o)
 .ARM.attributes
                0x00000cb1       0x2d d:/tool/gnuarm~1/bin/../lib/gcc/arm-none-eabi/10.3.1/../../../../arm-none-eabi/lib/thumb/v7-m/nofp\libg.a(lib_a-reent.o)
 .ARM.attributes
                0x00000cde       0x2d d:/tool/gnuarm~1/bin/../lib/gcc/arm-none-eabi/10.3.1/../../../../arm-none-eabi/lib/thumb/v7-m/nofp\libg.a(lib_a-wbuf.o)
 .ARM.attributes
                0x00000d0b       0x2d d:/tool/gnuarm~1/bin/../lib/gcc/arm-none-eabi/10.3.1/../../../../arm-none-eabi/lib/thumb/v7-m/nofp\libg.a(lib_a-wcrtomb.o)
 .ARM.attributes
                0x00000d38       0x2d d:/tool/gnuarm~1/bin/../lib/gcc/arm-none-eabi/10.3.1/../../../../arm-none-eabi/lib/thumb/v7-m/nofp\libg.a(lib_a-wctomb_r.o)
 .ARM.attributes
                0x00000d65       0x2d d:/tool/gnuarm~1/bin/../lib/gcc/arm-none-eabi/10.3.1/../../../../arm-none-eabi/lib/thumb/v7-m/nofp\libg.a(lib_a-abort.o)
 .ARM.attributes
                0x00000d92       0x2d d:/tool/gnuarm~1/bin/../lib/gcc/arm-none-eabi/10.3.1/../../../../arm-none-eabi/lib/thumb/v7-m/nofp\libg.a(lib_a-ctype_.o)
 .ARM.attributes
                0x00000dbf       0x2d d:/tool/gnuarm~1/bin/../lib/gcc/arm-none-eabi/10.3.1/../../../../arm-none-eabi/lib/thumb/v7-m/nofp\libg.a(lib_a-signal.o)
 .ARM.attributes
                0x00000dec       0x2d d:/tool/gnuarm~1/bin/../lib/gcc/arm-none-eabi/10.3.1/../../../../arm-none-eabi/lib/thumb/v7-m/nofp\libg.a(lib_a-signalr.o)
 .ARM.attributes
                0x00000e19       0x1d d:/tool/gnuarm~1/bin/../lib/gcc/arm-none-eabi/10.3.1/thumb/v7-m/nofp\libgcc.a(_arm_muldivdf3.o)
 .ARM.attributes
                0x00000e36       0x1d d:/tool/gnuarm~1/bin/../lib/gcc/arm-none-eabi/10.3.1/thumb/v7-m/nofp\libgcc.a(_arm_cmpdf2.o)
 .ARM.attributes
                0x00000e53       0x1d d:/tool/gnuarm~1/bin/../lib/gcc/arm-none-eabi/10.3.1/thumb/v7-m/nofp\libgcc.a(_arm_unorddf2.o)
 .ARM.attributes
                0x00000e70       0x1d d:/tool/gnuarm~1/bin/../lib/gcc/arm-none-eabi/10.3.1/thumb/v7-m/nofp\libgcc.a(_arm_fixdfsi.o)
 .ARM.attributes
                0x00000e8d       0x1d d:/tool/gnuarm~1/bin/../lib/gcc/arm-none-eabi/10.3.1/thumb/v7-m/nofp\libgcc.a(_aeabi_uldivmod.o)
 .ARM.attributes
                0x00000eaa       0x2d d:/tool/gnuarm~1/bin/../lib/gcc/arm-none-eabi/10.3.1/thumb/v7-m/nofp\libgcc.a(_udivmoddi4.o)
 .ARM.attributes
                0x00000ed7       0x1d d:/tool/gnuarm~1/bin/../lib/gcc/arm-none-eabi/10.3.1/thumb/v7-m/nofp\libgcc.a(_dvmd_tls.o)
 .ARM.attributes
                0x00000ef4       0x1d d:/tool/gnuarm~1/bin/../lib/gcc/arm-none-eabi/10.3.1/thumb/v7-m/nofp/crtn.o
OUTPUT(Demo.elf elf32-littlearm)
LOAD linker stubs
LOAD d:/tool/gnuarm~1/bin/../lib/gcc/arm-none-eabi/10.3.1/../../../../arm-none-eabi/lib/thumb/v7-m/nofp\libc.a
LOAD d:/tool/gnuarm~1/bin/../lib/gcc/arm-none-eabi/10.3.1/../../../../arm-none-eabi/lib/thumb/v7-m/nofp\libm.a
LOAD d:/tool/gnuarm~1/bin/../lib/gcc/arm-none-eabi/10.3.1/thumb/v7-m/nofp\libgcc.a

.debug_info     0x00000000    0x1528f
 .debug_info    0x00000000      0x92a CMakeFiles/Demo.elf.dir/Core/Src/DCmotor.c.obj
 .debug_info    0x0000092a      0x89d CMakeFiles/Demo.elf.dir/Core/Src/bsp_as5600.c.obj
 .debug_info    0x000011c7      0x1bd CMakeFiles/Demo.elf.dir/Core/Src/gpio.c.obj
 .debug_info    0x00001384      0x8ab CMakeFiles/Demo.elf.dir/Core/Src/i2c.c.obj
 .debug_info    0x00001c2f      0xa1a CMakeFiles/Demo.elf.dir/Core/Src/main.c.obj
 .debug_info    0x00002649      0x218 CMakeFiles/Demo.elf.dir/Core/Src/stm32f1xx_hal_msp.c.obj
 .debug_info    0x00002861      0x706 CMakeFiles/Demo.elf.dir/Core/Src/stm32f1xx_it.c.obj
 .debug_info    0x00002f67      0x7af CMakeFiles/Demo.elf.dir/Core/Src/syscalls.c.obj
 .debug_info    0x00003716      0x174 CMakeFiles/Demo.elf.dir/Core/Src/sysmem.c.obj
 .debug_info    0x0000388a      0x248 CMakeFiles/Demo.elf.dir/Core/Src/system_stm32f1xx.c.obj
 .debug_info    0x00003ad2     0x135b CMakeFiles/Demo.elf.dir/Core/Src/tim.c.obj
 .debug_info    0x00004e2d      0x8c3 CMakeFiles/Demo.elf.dir/Core/Src/usart.c.obj
 .debug_info    0x000056f0       0x22 CMakeFiles/Demo.elf.dir/Core/Startup/startup_stm32f103zetx.s.obj
 .debug_info    0x00005712      0x80e CMakeFiles/Demo.elf.dir/Drivers/STM32F1xx_HAL_Driver/Src/stm32f1xx_hal.c.obj
 .debug_info    0x00005f20      0xdf0 CMakeFiles/Demo.elf.dir/Drivers/STM32F1xx_HAL_Driver/Src/stm32f1xx_hal_cortex.c.obj
 .debug_info    0x00006d10      0x66f CMakeFiles/Demo.elf.dir/Drivers/STM32F1xx_HAL_Driver/Src/stm32f1xx_hal_gpio.c.obj
 .debug_info    0x0000737f     0x3ab6 CMakeFiles/Demo.elf.dir/Drivers/STM32F1xx_HAL_Driver/Src/stm32f1xx_hal_i2c.c.obj
 .debug_info    0x0000ae35      0xa3b CMakeFiles/Demo.elf.dir/Drivers/STM32F1xx_HAL_Driver/Src/stm32f1xx_hal_rcc.c.obj
 .debug_info    0x0000b870     0x3d52 CMakeFiles/Demo.elf.dir/Drivers/STM32F1xx_HAL_Driver/Src/stm32f1xx_hal_tim.c.obj
 .debug_info    0x0000f5c2     0x1abb CMakeFiles/Demo.elf.dir/Drivers/STM32F1xx_HAL_Driver/Src/stm32f1xx_hal_tim_ex.c.obj
 .debug_info    0x0001107d     0x4212 CMakeFiles/Demo.elf.dir/Drivers/STM32F1xx_HAL_Driver/Src/stm32f1xx_hal_uart.c.obj

.debug_abbrev   0x00000000     0x2769
 .debug_abbrev  0x00000000      0x240 CMakeFiles/Demo.elf.dir/Core/Src/DCmotor.c.obj
 .debug_abbrev  0x00000240      0x200 CMakeFiles/Demo.elf.dir/Core/Src/bsp_as5600.c.obj
 .debug_abbrev  0x00000440       0xbf CMakeFiles/Demo.elf.dir/Core/Src/gpio.c.obj
 .debug_abbrev  0x000004ff      0x1c1 CMakeFiles/Demo.elf.dir/Core/Src/i2c.c.obj
 .debug_abbrev  0x000006c0      0x21b CMakeFiles/Demo.elf.dir/Core/Src/main.c.obj
 .debug_abbrev  0x000008db       0xe5 CMakeFiles/Demo.elf.dir/Core/Src/stm32f1xx_hal_msp.c.obj
 .debug_abbrev  0x000009c0      0x179 CMakeFiles/Demo.elf.dir/Core/Src/stm32f1xx_it.c.obj
 .debug_abbrev  0x00000b39      0x1a3 CMakeFiles/Demo.elf.dir/Core/Src/syscalls.c.obj
 .debug_abbrev  0x00000cdc       0xe7 CMakeFiles/Demo.elf.dir/Core/Src/sysmem.c.obj
 .debug_abbrev  0x00000dc3      0x13e CMakeFiles/Demo.elf.dir/Core/Src/system_stm32f1xx.c.obj
 .debug_abbrev  0x00000f01      0x2ca CMakeFiles/Demo.elf.dir/Core/Src/tim.c.obj
 .debug_abbrev  0x000011cb      0x1fa CMakeFiles/Demo.elf.dir/Core/Src/usart.c.obj
 .debug_abbrev  0x000013c5       0x12 CMakeFiles/Demo.elf.dir/Core/Startup/startup_stm32f103zetx.s.obj
 .debug_abbrev  0x000013d7      0x1f4 CMakeFiles/Demo.elf.dir/Drivers/STM32F1xx_HAL_Driver/Src/stm32f1xx_hal.c.obj
 .debug_abbrev  0x000015cb      0x341 CMakeFiles/Demo.elf.dir/Drivers/STM32F1xx_HAL_Driver/Src/stm32f1xx_hal_cortex.c.obj
 .debug_abbrev  0x0000190c      0x1e6 CMakeFiles/Demo.elf.dir/Drivers/STM32F1xx_HAL_Driver/Src/stm32f1xx_hal_gpio.c.obj
 .debug_abbrev  0x00001af2      0x293 CMakeFiles/Demo.elf.dir/Drivers/STM32F1xx_HAL_Driver/Src/stm32f1xx_hal_i2c.c.obj
 .debug_abbrev  0x00001d85      0x27a CMakeFiles/Demo.elf.dir/Drivers/STM32F1xx_HAL_Driver/Src/stm32f1xx_hal_rcc.c.obj
 .debug_abbrev  0x00001fff      0x245 CMakeFiles/Demo.elf.dir/Drivers/STM32F1xx_HAL_Driver/Src/stm32f1xx_hal_tim.c.obj
 .debug_abbrev  0x00002244      0x248 CMakeFiles/Demo.elf.dir/Drivers/STM32F1xx_HAL_Driver/Src/stm32f1xx_hal_tim_ex.c.obj
 .debug_abbrev  0x0000248c      0x2dd CMakeFiles/Demo.elf.dir/Drivers/STM32F1xx_HAL_Driver/Src/stm32f1xx_hal_uart.c.obj

.debug_loc      0x00000000    0x1149d
 .debug_loc     0x00000000       0x78 CMakeFiles/Demo.elf.dir/Core/Src/DCmotor.c.obj
 .debug_loc     0x00000078      0x172 CMakeFiles/Demo.elf.dir/Core/Src/bsp_as5600.c.obj
 .debug_loc     0x000001ea       0x67 CMakeFiles/Demo.elf.dir/Core/Src/i2c.c.obj
 .debug_loc     0x00000251       0x15 CMakeFiles/Demo.elf.dir/Core/Src/stm32f1xx_hal_msp.c.obj
 .debug_loc     0x00000266      0x3c5 CMakeFiles/Demo.elf.dir/Core/Src/syscalls.c.obj
 .debug_loc     0x0000062b       0x64 CMakeFiles/Demo.elf.dir/Core/Src/sysmem.c.obj
 .debug_loc     0x0000068f       0xff CMakeFiles/Demo.elf.dir/Core/Src/system_stm32f1xx.c.obj
 .debug_loc     0x0000078e      0x1fd CMakeFiles/Demo.elf.dir/Core/Src/tim.c.obj
 .debug_loc     0x0000098b       0xa7 CMakeFiles/Demo.elf.dir/Core/Src/usart.c.obj
 .debug_loc     0x00000a32      0x141 CMakeFiles/Demo.elf.dir/Drivers/STM32F1xx_HAL_Driver/Src/stm32f1xx_hal.c.obj
 .debug_loc     0x00000b73      0x71f CMakeFiles/Demo.elf.dir/Drivers/STM32F1xx_HAL_Driver/Src/stm32f1xx_hal_cortex.c.obj
 .debug_loc     0x00001292      0x47d CMakeFiles/Demo.elf.dir/Drivers/STM32F1xx_HAL_Driver/Src/stm32f1xx_hal_gpio.c.obj
 .debug_loc     0x0000170f     0x41ca CMakeFiles/Demo.elf.dir/Drivers/STM32F1xx_HAL_Driver/Src/stm32f1xx_hal_i2c.c.obj
 .debug_loc     0x000058d9      0x618 CMakeFiles/Demo.elf.dir/Drivers/STM32F1xx_HAL_Driver/Src/stm32f1xx_hal_rcc.c.obj
 .debug_loc     0x00005ef1     0x5084 CMakeFiles/Demo.elf.dir/Drivers/STM32F1xx_HAL_Driver/Src/stm32f1xx_hal_tim.c.obj
 .debug_loc     0x0000af75     0x1cad CMakeFiles/Demo.elf.dir/Drivers/STM32F1xx_HAL_Driver/Src/stm32f1xx_hal_tim_ex.c.obj
 .debug_loc     0x0000cc22     0x487b CMakeFiles/Demo.elf.dir/Drivers/STM32F1xx_HAL_Driver/Src/stm32f1xx_hal_uart.c.obj

.debug_aranges  0x00000000      0xf88
 .debug_aranges
                0x00000000       0x38 CMakeFiles/Demo.elf.dir/Core/Src/DCmotor.c.obj
 .debug_aranges
                0x00000038       0x48 CMakeFiles/Demo.elf.dir/Core/Src/bsp_as5600.c.obj
 .debug_aranges
                0x00000080       0x20 CMakeFiles/Demo.elf.dir/Core/Src/gpio.c.obj
 .debug_aranges
                0x000000a0       0x30 CMakeFiles/Demo.elf.dir/Core/Src/i2c.c.obj
 .debug_aranges
                0x000000d0       0x30 CMakeFiles/Demo.elf.dir/Core/Src/main.c.obj
 .debug_aranges
                0x00000100       0x20 CMakeFiles/Demo.elf.dir/Core/Src/stm32f1xx_hal_msp.c.obj
 .debug_aranges
                0x00000120       0x68 CMakeFiles/Demo.elf.dir/Core/Src/stm32f1xx_it.c.obj
 .debug_aranges
                0x00000188       0xa8 CMakeFiles/Demo.elf.dir/Core/Src/syscalls.c.obj
 .debug_aranges
                0x00000230       0x20 CMakeFiles/Demo.elf.dir/Core/Src/sysmem.c.obj
 .debug_aranges
                0x00000250       0x28 CMakeFiles/Demo.elf.dir/Core/Src/system_stm32f1xx.c.obj
 .debug_aranges
                0x00000278       0x70 CMakeFiles/Demo.elf.dir/Core/Src/tim.c.obj
 .debug_aranges
                0x000002e8       0x38 CMakeFiles/Demo.elf.dir/Core/Src/usart.c.obj
 .debug_aranges
                0x00000320       0x28 CMakeFiles/Demo.elf.dir/Core/Startup/startup_stm32f103zetx.s.obj
 .debug_aranges
                0x00000348       0xe0 CMakeFiles/Demo.elf.dir/Drivers/STM32F1xx_HAL_Driver/Src/stm32f1xx_hal.c.obj
 .debug_aranges
                0x00000428       0x90 CMakeFiles/Demo.elf.dir/Drivers/STM32F1xx_HAL_Driver/Src/stm32f1xx_hal_cortex.c.obj
 .debug_aranges
                0x000004b8       0x58 CMakeFiles/Demo.elf.dir/Drivers/STM32F1xx_HAL_Driver/Src/stm32f1xx_hal_gpio.c.obj
 .debug_aranges
                0x00000510      0x2a8 CMakeFiles/Demo.elf.dir/Drivers/STM32F1xx_HAL_Driver/Src/stm32f1xx_hal_i2c.c.obj
 .debug_aranges
                0x000007b8       0x90 CMakeFiles/Demo.elf.dir/Drivers/STM32F1xx_HAL_Driver/Src/stm32f1xx_hal_rcc.c.obj
 .debug_aranges
                0x00000848      0x3d0 CMakeFiles/Demo.elf.dir/Drivers/STM32F1xx_HAL_Driver/Src/stm32f1xx_hal_tim.c.obj
 .debug_aranges
                0x00000c18      0x168 CMakeFiles/Demo.elf.dir/Drivers/STM32F1xx_HAL_Driver/Src/stm32f1xx_hal_tim_ex.c.obj
 .debug_aranges
                0x00000d80      0x208 CMakeFiles/Demo.elf.dir/Drivers/STM32F1xx_HAL_Driver/Src/stm32f1xx_hal_uart.c.obj

.debug_ranges   0x00000000      0xef0
 .debug_ranges  0x00000000       0x28 CMakeFiles/Demo.elf.dir/Core/Src/DCmotor.c.obj
 .debug_ranges  0x00000028       0x38 CMakeFiles/Demo.elf.dir/Core/Src/bsp_as5600.c.obj
 .debug_ranges  0x00000060       0x10 CMakeFiles/Demo.elf.dir/Core/Src/gpio.c.obj
 .debug_ranges  0x00000070       0x20 CMakeFiles/Demo.elf.dir/Core/Src/i2c.c.obj
 .debug_ranges  0x00000090       0x20 CMakeFiles/Demo.elf.dir/Core/Src/main.c.obj
 .debug_ranges  0x000000b0       0x10 CMakeFiles/Demo.elf.dir/Core/Src/stm32f1xx_hal_msp.c.obj
 .debug_ranges  0x000000c0       0x58 CMakeFiles/Demo.elf.dir/Core/Src/stm32f1xx_it.c.obj
 .debug_ranges  0x00000118       0x98 CMakeFiles/Demo.elf.dir/Core/Src/syscalls.c.obj
 .debug_ranges  0x000001b0       0x10 CMakeFiles/Demo.elf.dir/Core/Src/sysmem.c.obj
 .debug_ranges  0x000001c0       0x18 CMakeFiles/Demo.elf.dir/Core/Src/system_stm32f1xx.c.obj
 .debug_ranges  0x000001d8       0x60 CMakeFiles/Demo.elf.dir/Core/Src/tim.c.obj
 .debug_ranges  0x00000238       0x28 CMakeFiles/Demo.elf.dir/Core/Src/usart.c.obj
 .debug_ranges  0x00000260       0x20 CMakeFiles/Demo.elf.dir/Core/Startup/startup_stm32f103zetx.s.obj
 .debug_ranges  0x00000280       0xd0 CMakeFiles/Demo.elf.dir/Drivers/STM32F1xx_HAL_Driver/Src/stm32f1xx_hal.c.obj
 .debug_ranges  0x00000350       0xe0 CMakeFiles/Demo.elf.dir/Drivers/STM32F1xx_HAL_Driver/Src/stm32f1xx_hal_cortex.c.obj
 .debug_ranges  0x00000430       0x48 CMakeFiles/Demo.elf.dir/Drivers/STM32F1xx_HAL_Driver/Src/stm32f1xx_hal_gpio.c.obj
 .debug_ranges  0x00000478      0x2b0 CMakeFiles/Demo.elf.dir/Drivers/STM32F1xx_HAL_Driver/Src/stm32f1xx_hal_i2c.c.obj
 .debug_ranges  0x00000728       0xa0 CMakeFiles/Demo.elf.dir/Drivers/STM32F1xx_HAL_Driver/Src/stm32f1xx_hal_rcc.c.obj
 .debug_ranges  0x000007c8      0x3c0 CMakeFiles/Demo.elf.dir/Drivers/STM32F1xx_HAL_Driver/Src/stm32f1xx_hal_tim.c.obj
 .debug_ranges  0x00000b88      0x158 CMakeFiles/Demo.elf.dir/Drivers/STM32F1xx_HAL_Driver/Src/stm32f1xx_hal_tim_ex.c.obj
 .debug_ranges  0x00000ce0      0x210 CMakeFiles/Demo.elf.dir/Drivers/STM32F1xx_HAL_Driver/Src/stm32f1xx_hal_uart.c.obj

.debug_line     0x00000000    0x1443d
 .debug_line    0x00000000      0x396 CMakeFiles/Demo.elf.dir/Core/Src/DCmotor.c.obj
 .debug_line    0x00000396      0x328 CMakeFiles/Demo.elf.dir/Core/Src/bsp_as5600.c.obj
 .debug_line    0x000006be      0x163 CMakeFiles/Demo.elf.dir/Core/Src/gpio.c.obj
 .debug_line    0x00000821      0x2ff CMakeFiles/Demo.elf.dir/Core/Src/i2c.c.obj
 .debug_line    0x00000b20      0x3f6 CMakeFiles/Demo.elf.dir/Core/Src/main.c.obj
 .debug_line    0x00000f16      0x16b CMakeFiles/Demo.elf.dir/Core/Src/stm32f1xx_hal_msp.c.obj
 .debug_line    0x00001081      0x323 CMakeFiles/Demo.elf.dir/Core/Src/stm32f1xx_it.c.obj
 .debug_line    0x000013a4      0x3eb CMakeFiles/Demo.elf.dir/Core/Src/syscalls.c.obj
 .debug_line    0x0000178f      0x189 CMakeFiles/Demo.elf.dir/Core/Src/sysmem.c.obj
 .debug_line    0x00001918      0x234 CMakeFiles/Demo.elf.dir/Core/Src/system_stm32f1xx.c.obj
 .debug_line    0x00001b4c      0x6b8 CMakeFiles/Demo.elf.dir/Core/Src/tim.c.obj
 .debug_line    0x00002204      0x339 CMakeFiles/Demo.elf.dir/Core/Src/usart.c.obj
 .debug_line    0x0000253d       0xb1 CMakeFiles/Demo.elf.dir/Core/Startup/startup_stm32f103zetx.s.obj
 .debug_line    0x000025ee      0x554 CMakeFiles/Demo.elf.dir/Drivers/STM32F1xx_HAL_Driver/Src/stm32f1xx_hal.c.obj
 .debug_line    0x00002b42      0x649 CMakeFiles/Demo.elf.dir/Drivers/STM32F1xx_HAL_Driver/Src/stm32f1xx_hal_cortex.c.obj
 .debug_line    0x0000318b      0x5f9 CMakeFiles/Demo.elf.dir/Drivers/STM32F1xx_HAL_Driver/Src/stm32f1xx_hal_gpio.c.obj
 .debug_line    0x00003784     0x5616 CMakeFiles/Demo.elf.dir/Drivers/STM32F1xx_HAL_Driver/Src/stm32f1xx_hal_i2c.c.obj
 .debug_line    0x00008d9a      0xc22 CMakeFiles/Demo.elf.dir/Drivers/STM32F1xx_HAL_Driver/Src/stm32f1xx_hal_rcc.c.obj
 .debug_line    0x000099bc     0x4a60 CMakeFiles/Demo.elf.dir/Drivers/STM32F1xx_HAL_Driver/Src/stm32f1xx_hal_tim.c.obj
 .debug_line    0x0000e41c     0x1c58 CMakeFiles/Demo.elf.dir/Drivers/STM32F1xx_HAL_Driver/Src/stm32f1xx_hal_tim_ex.c.obj
 .debug_line    0x00010074     0x43c9 CMakeFiles/Demo.elf.dir/Drivers/STM32F1xx_HAL_Driver/Src/stm32f1xx_hal_uart.c.obj

.debug_str      0x00000000     0x496e
 .debug_str     0x00000000      0x741 CMakeFiles/Demo.elf.dir/Core/Src/DCmotor.c.obj
                                0x80f (size before relaxing)
 .debug_str     0x00000741      0x39f CMakeFiles/Demo.elf.dir/Core/Src/bsp_as5600.c.obj
                                0x7ba (size before relaxing)
 .debug_str     0x00000ae0       0x90 CMakeFiles/Demo.elf.dir/Core/Src/gpio.c.obj
                                0x23d (size before relaxing)
 .debug_str     0x00000b70      0x111 CMakeFiles/Demo.elf.dir/Core/Src/i2c.c.obj
                                0x78c (size before relaxing)
 .debug_str     0x00000c81      0x24e CMakeFiles/Demo.elf.dir/Core/Src/main.c.obj
                                0x932 (size before relaxing)
 .debug_str     0x00000ecf       0x84 CMakeFiles/Demo.elf.dir/Core/Src/stm32f1xx_hal_msp.c.obj
                                0x277 (size before relaxing)
 .debug_str     0x00000f53      0x104 CMakeFiles/Demo.elf.dir/Core/Src/stm32f1xx_it.c.obj
                                0x76b (size before relaxing)
 .debug_str     0x00001057      0x242 CMakeFiles/Demo.elf.dir/Core/Src/syscalls.c.obj
                                0x43e (size before relaxing)
 .debug_str     0x00001299       0x9f CMakeFiles/Demo.elf.dir/Core/Src/sysmem.c.obj